{"type":"code","val":"var user = { name: 'tobi' }","mustEscape":false,"buffer":false,"loc":{"start":{"line":1,"column":1},"filename":"/cases/attrs-data.pug","end":{"line":1,"column":30}}}
{"type":"newline","loc":{"start":{"line":2,"column":1},"filename":"/cases/attrs-data.pug","end":{"line":2,"column":1}}}
{"type":"tag","val":"foo","loc":{"start":{"line":2,"column":1},"filename":"/cases/attrs-data.pug","end":{"line":2,"column":4}}}
{"type":"start-attributes","loc":{"start":{"line":2,"column":4},"filename":"/cases/attrs-data.pug","end":{"line":2,"column":5}}}
{"type":"attribute","name":"data-user","val":"user","mustEscape":true,"loc":{"start":{"line":2,"column":5},"filename":"/cases/attrs-data.pug","end":{"line":2,"column":19}}}
{"type":"end-attributes","loc":{"start":{"line":2,"column":19},"filename":"/cases/attrs-data.pug","end":{"line":2,"column":20}}}
{"type":"newline","loc":{"start":{"line":3,"column":1},"filename":"/cases/attrs-data.pug","end":{"line":3,"column":1}}}
{"type":"tag","val":"foo","loc":{"start":{"line":3,"column":1},"filename":"/cases/attrs-data.pug","end":{"line":3,"column":4}}}
{"type":"start-attributes","loc":{"start":{"line":3,"column":4},"filename":"/cases/attrs-data.pug","end":{"line":3,"column":5}}}
{"type":"attribute","name":"data-items","val":"[1,2,3]","mustEscape":true,"loc":{"start":{"line":3,"column":5},"filename":"/cases/attrs-data.pug","end":{"line":3,"column":23}}}
{"type":"end-attributes","loc":{"start":{"line":3,"column":23},"filename":"/cases/attrs-data.pug","end":{"line":3,"column":24}}}
{"type":"newline","loc":{"start":{"line":4,"column":1},"filename":"/cases/attrs-data.pug","end":{"line":4,"column":1}}}
{"type":"tag","val":"foo","loc":{"start":{"line":4,"column":1},"filename":"/cases/attrs-data.pug","end":{"line":4,"column":4}}}
{"type":"start-attributes","loc":{"start":{"line":4,"column":4},"filename":"/cases/attrs-data.pug","end":{"line":4,"column":5}}}
{"type":"attribute","name":"data-username","val":"'tobi'","mustEscape":true,"loc":{"start":{"line":4,"column":5},"filename":"/cases/attrs-data.pug","end":{"line":4,"column":25}}}
{"type":"end-attributes","loc":{"start":{"line":4,"column":25},"filename":"/cases/attrs-data.pug","end":{"line":4,"column":26}}}
{"type":"newline","loc":{"start":{"line":5,"column":1},"filename":"/cases/attrs-data.pug","end":{"line":5,"column":1}}}
{"type":"tag","val":"foo","loc":{"start":{"line":5,"column":1},"filename":"/cases/attrs-data.pug","end":{"line":5,"column":4}}}
{"type":"start-attributes","loc":{"start":{"line":5,"column":4},"filename":"/cases/attrs-data.pug","end":{"line":5,"column":5}}}
{"type":"attribute","name":"data-escaped","val":"{message: \"Let's rock!\"}","mustEscape":true,"loc":{"start":{"line":5,"column":5},"filename":"/cases/attrs-data.pug","end":{"line":5,"column":42}}}
{"type":"end-attributes","loc":{"start":{"line":5,"column":42},"filename":"/cases/attrs-data.pug","end":{"line":5,"column":43}}}
{"type":"newline","loc":{"start":{"line":6,"column":1},"filename":"/cases/attrs-data.pug","end":{"line":6,"column":1}}}
{"type":"tag","val":"foo","loc":{"start":{"line":6,"column":1},"filename":"/cases/attrs-data.pug","end":{"line":6,"column":4}}}
{"type":"start-attributes","loc":{"start":{"line":6,"column":4},"filename":"/cases/attrs-data.pug","end":{"line":6,"column":5}}}
{"type":"attribute","name":"data-ampersand","val":"{message: \"a quote: &quot; this & that\"}","mustEscape":true,"loc":{"start":{"line":6,"column":5},"filename":"/cases/attrs-data.pug","end":{"line":6,"column":60}}}
{"type":"end-attributes","loc":{"start":{"line":6,"column":60},"filename":"/cases/attrs-data.pug","end":{"line":6,"column":61}}}
{"type":"newline","loc":{"start":{"line":7,"column":1},"filename":"/cases/attrs-data.pug","end":{"line":7,"column":1}}}
{"type":"tag","val":"foo","loc":{"start":{"line":7,"column":1},"filename":"/cases/attrs-data.pug","end":{"line":7,"column":4}}}
{"type":"start-attributes","loc":{"start":{"line":7,"column":4},"filename":"/cases/attrs-data.pug","end":{"line":7,"column":5}}}
{"type":"attribute","name":"data-epoc","val":"new Date(0)","mustEscape":true,"loc":{"start":{"line":7,"column":5},"filename":"/cases/attrs-data.pug","end":{"line":7,"column":26}}}
{"type":"end-attributes","loc":{"start":{"line":7,"column":26},"filename":"/cases/attrs-data.pug","end":{"line":7,"column":27}}}
{"type":"newline","loc":{"start":{"line":8,"column":1},"filename":"/cases/attrs-data.pug","end":{"line":8,"column":1}}}
{"type":"eos","loc":{"start":{"line":8,"column":1},"filename":"/cases/attrs-data.pug","end":{"line":8,"column":1}}}