{"type":"code","val":"var avatar = '219b77f9d21de75e81851b6b886057c7'","mustEscape":false,"buffer":false,"loc":{"start":{"line":1,"column":1},"filename":"/cases/attr-es2015.pug","end":{"line":1,"column":50}}}
{"type":"newline","loc":{"start":{"line":3,"column":1},"filename":"/cases/attr-es2015.pug","end":{"line":3,"column":1}}}
{"type":"tag","val":"div","loc":{"start":{"line":3,"column":1},"filename":"/cases/attr-es2015.pug","end":{"line":3,"column":4}}}
{"type":"class","val":"avatar-div","loc":{"start":{"line":3,"column":4},"filename":"/cases/attr-es2015.pug","end":{"line":3,"column":15}}}
{"type":"start-attributes","loc":{"start":{"line":3,"column":15},"filename":"/cases/attr-es2015.pug","end":{"line":3,"column":16}}}
{"type":"attribute","name":"style","val":"`background-image: url(https://www.gravatar.com/avatar/${avatar})`","mustEscape":true,"loc":{"start":{"line":3,"column":16},"filename":"/cases/attr-es2015.pug","end":{"line":3,"column":88}}}
{"type":"end-attributes","loc":{"start":{"line":3,"column":88},"filename":"/cases/attr-es2015.pug","end":{"line":3,"column":89}}}
{"type":"newline","loc":{"start":{"line":4,"column":1},"filename":"/cases/attr-es2015.pug","end":{"line":4,"column":1}}}
{"type":"eos","loc":{"start":{"line":4,"column":1},"filename":"/cases/attr-es2015.pug","end":{"line":4,"column":1}}}