{"type":"code","val":"var id = 5","mustEscape":false,"buffer":false,"loc":{"start":{"line":1,"column":1},"filename":"/cases/attrs.js.pug","end":{"line":1,"column":13}}}
{"type":"newline","loc":{"start":{"line":2,"column":1},"filename":"/cases/attrs.js.pug","end":{"line":2,"column":1}}}
{"type":"code","val":"function answer() { return 42; }","mustEscape":false,"buffer":false,"loc":{"start":{"line":2,"column":1},"filename":"/cases/attrs.js.pug","end":{"line":2,"column":35}}}
{"type":"newline","loc":{"start":{"line":3,"column":1},"filename":"/cases/attrs.js.pug","end":{"line":3,"column":1}}}
{"type":"tag","val":"a","loc":{"start":{"line":3,"column":1},"filename":"/cases/attrs.js.pug","end":{"line":3,"column":2}}}
{"type":"start-attributes","loc":{"start":{"line":3,"column":2},"filename":"/cases/attrs.js.pug","end":{"line":3,"column":3}}}
{"type":"attribute","name":"href","val":"'/user/' + id","mustEscape":true,"loc":{"start":{"line":3,"column":3},"filename":"/cases/attrs.js.pug","end":{"line":3,"column":21}}}
{"type":"attribute","name":"class","val":"'button'","mustEscape":true,"loc":{"start":{"line":3,"column":23},"filename":"/cases/attrs.js.pug","end":{"line":3,"column":37}}}
{"type":"end-attributes","loc":{"start":{"line":3,"column":37},"filename":"/cases/attrs.js.pug","end":{"line":3,"column":38}}}
{"type":"newline","loc":{"start":{"line":4,"column":1},"filename":"/cases/attrs.js.pug","end":{"line":4,"column":1}}}
{"type":"tag","val":"a","loc":{"start":{"line":4,"column":1},"filename":"/cases/attrs.js.pug","end":{"line":4,"column":2}}}
{"type":"start-attributes","loc":{"start":{"line":4,"column":2},"filename":"/cases/attrs.js.pug","end":{"line":4,"column":3}}}
{"type":"attribute","name":"href","val":"'/user/' + id","mustEscape":true,"loc":{"start":{"line":4,"column":3},"filename":"/cases/attrs.js.pug","end":{"line":4,"column":25}}}
{"type":"attribute","name":"class","val":"'button'","mustEscape":true,"loc":{"start":{"line":4,"column":27},"filename":"/cases/attrs.js.pug","end":{"line":4,"column":45}}}
{"type":"end-attributes","loc":{"start":{"line":4,"column":45},"filename":"/cases/attrs.js.pug","end":{"line":4,"column":46}}}
{"type":"newline","loc":{"start":{"line":5,"column":1},"filename":"/cases/attrs.js.pug","end":{"line":5,"column":1}}}
{"type":"tag","val":"meta","loc":{"start":{"line":5,"column":1},"filename":"/cases/attrs.js.pug","end":{"line":5,"column":5}}}
{"type":"start-attributes","loc":{"start":{"line":5,"column":5},"filename":"/cases/attrs.js.pug","end":{"line":5,"column":6}}}
{"type":"attribute","name":"key","val":"'answer'","mustEscape":true,"loc":{"start":{"line":5,"column":6},"filename":"/cases/attrs.js.pug","end":{"line":5,"column":18}}}
{"type":"attribute","name":"value","val":"answer()","mustEscape":true,"loc":{"start":{"line":5,"column":20},"filename":"/cases/attrs.js.pug","end":{"line":5,"column":34}}}
{"type":"end-attributes","loc":{"start":{"line":5,"column":34},"filename":"/cases/attrs.js.pug","end":{"line":5,"column":35}}}
{"type":"newline","loc":{"start":{"line":6,"column":1},"filename":"/cases/attrs.js.pug","end":{"line":6,"column":1}}}
{"type":"tag","val":"a","loc":{"start":{"line":6,"column":1},"filename":"/cases/attrs.js.pug","end":{"line":6,"column":2}}}
{"type":"start-attributes","loc":{"start":{"line":6,"column":2},"filename":"/cases/attrs.js.pug","end":{"line":6,"column":3}}}
{"type":"attribute","name":"class","val":"['class1', 'class2']","mustEscape":true,"loc":{"start":{"line":6,"column":3},"filename":"/cases/attrs.js.pug","end":{"line":6,"column":31}}}
{"type":"end-attributes","loc":{"start":{"line":6,"column":31},"filename":"/cases/attrs.js.pug","end":{"line":6,"column":32}}}
{"type":"newline","loc":{"start":{"line":7,"column":1},"filename":"/cases/attrs.js.pug","end":{"line":7,"column":1}}}
{"type":"tag","val":"a","loc":{"start":{"line":7,"column":1},"filename":"/cases/attrs.js.pug","end":{"line":7,"column":2}}}
{"type":"class","val":"tag-class","loc":{"start":{"line":7,"column":2},"filename":"/cases/attrs.js.pug","end":{"line":7,"column":12}}}
{"type":"start-attributes","loc":{"start":{"line":7,"column":12},"filename":"/cases/attrs.js.pug","end":{"line":7,"column":13}}}
{"type":"attribute","name":"class","val":"['class1', 'class2']","mustEscape":true,"loc":{"start":{"line":7,"column":13},"filename":"/cases/attrs.js.pug","end":{"line":7,"column":41}}}
{"type":"end-attributes","loc":{"start":{"line":7,"column":41},"filename":"/cases/attrs.js.pug","end":{"line":7,"column":42}}}
{"type":"newline","loc":{"start":{"line":9,"column":1},"filename":"/cases/attrs.js.pug","end":{"line":9,"column":1}}}
{"type":"tag","val":"a","loc":{"start":{"line":9,"column":1},"filename":"/cases/attrs.js.pug","end":{"line":9,"column":2}}}
{"type":"start-attributes","loc":{"start":{"line":9,"column":2},"filename":"/cases/attrs.js.pug","end":{"line":9,"column":3}}}
{"type":"attribute","name":"href","val":"'/user/' + id","mustEscape":true,"loc":{"start":{"line":9,"column":3},"filename":"/cases/attrs.js.pug","end":{"line":9,"column":21}}}
{"type":"attribute","name":"class","val":"'button'","mustEscape":true,"loc":{"start":{"line":9,"column":22},"filename":"/cases/attrs.js.pug","end":{"line":9,"column":36}}}
{"type":"end-attributes","loc":{"start":{"line":9,"column":36},"filename":"/cases/attrs.js.pug","end":{"line":9,"column":37}}}
{"type":"newline","loc":{"start":{"line":10,"column":1},"filename":"/cases/attrs.js.pug","end":{"line":10,"column":1}}}
{"type":"tag","val":"a","loc":{"start":{"line":10,"column":1},"filename":"/cases/attrs.js.pug","end":{"line":10,"column":2}}}
{"type":"start-attributes","loc":{"start":{"line":10,"column":2},"filename":"/cases/attrs.js.pug","end":{"line":10,"column":3}}}
{"type":"attribute","name":"href","val":"'/user/' + id","mustEscape":true,"loc":{"start":{"line":10,"column":3},"filename":"/cases/attrs.js.pug","end":{"line":10,"column":25}}}
{"type":"attribute","name":"class","val":"'button'","mustEscape":true,"loc":{"start":{"line":10,"column":26},"filename":"/cases/attrs.js.pug","end":{"line":10,"column":44}}}
{"type":"end-attributes","loc":{"start":{"line":10,"column":44},"filename":"/cases/attrs.js.pug","end":{"line":10,"column":45}}}
{"type":"newline","loc":{"start":{"line":11,"column":1},"filename":"/cases/attrs.js.pug","end":{"line":11,"column":1}}}
{"type":"tag","val":"meta","loc":{"start":{"line":11,"column":1},"filename":"/cases/attrs.js.pug","end":{"line":11,"column":5}}}
{"type":"start-attributes","loc":{"start":{"line":11,"column":5},"filename":"/cases/attrs.js.pug","end":{"line":11,"column":6}}}
{"type":"attribute","name":"key","val":"'answer'","mustEscape":true,"loc":{"start":{"line":11,"column":6},"filename":"/cases/attrs.js.pug","end":{"line":11,"column":18}}}
{"type":"attribute","name":"value","val":"answer()","mustEscape":true,"loc":{"start":{"line":11,"column":19},"filename":"/cases/attrs.js.pug","end":{"line":11,"column":33}}}
{"type":"end-attributes","loc":{"start":{"line":11,"column":33},"filename":"/cases/attrs.js.pug","end":{"line":11,"column":34}}}
{"type":"newline","loc":{"start":{"line":12,"column":1},"filename":"/cases/attrs.js.pug","end":{"line":12,"column":1}}}
{"type":"tag","val":"a","loc":{"start":{"line":12,"column":1},"filename":"/cases/attrs.js.pug","end":{"line":12,"column":2}}}
{"type":"start-attributes","loc":{"start":{"line":12,"column":2},"filename":"/cases/attrs.js.pug","end":{"line":12,"column":3}}}
{"type":"attribute","name":"class","val":"['class1', 'class2']","mustEscape":true,"loc":{"start":{"line":12,"column":3},"filename":"/cases/attrs.js.pug","end":{"line":12,"column":31}}}
{"type":"end-attributes","loc":{"start":{"line":12,"column":31},"filename":"/cases/attrs.js.pug","end":{"line":12,"column":32}}}
{"type":"newline","loc":{"start":{"line":13,"column":1},"filename":"/cases/attrs.js.pug","end":{"line":13,"column":1}}}
{"type":"tag","val":"a","loc":{"start":{"line":13,"column":1},"filename":"/cases/attrs.js.pug","end":{"line":13,"column":2}}}
{"type":"class","val":"tag-class","loc":{"start":{"line":13,"column":2},"filename":"/cases/attrs.js.pug","end":{"line":13,"column":12}}}
{"type":"start-attributes","loc":{"start":{"line":13,"column":12},"filename":"/cases/attrs.js.pug","end":{"line":13,"column":13}}}
{"type":"attribute","name":"class","val":"['class1', 'class2']","mustEscape":true,"loc":{"start":{"line":13,"column":13},"filename":"/cases/attrs.js.pug","end":{"line":13,"column":41}}}
{"type":"end-attributes","loc":{"start":{"line":13,"column":41},"filename":"/cases/attrs.js.pug","end":{"line":13,"column":42}}}
{"type":"newline","loc":{"start":{"line":15,"column":1},"filename":"/cases/attrs.js.pug","end":{"line":15,"column":1}}}
{"type":"tag","val":"div","loc":{"start":{"line":15,"column":1},"filename":"/cases/attrs.js.pug","end":{"line":15,"column":4}}}
{"type":"start-attributes","loc":{"start":{"line":15,"column":4},"filename":"/cases/attrs.js.pug","end":{"line":15,"column":5}}}
{"type":"attribute","name":"id","val":"id","mustEscape":true,"loc":{"start":{"line":15,"column":5},"filename":"/cases/attrs.js.pug","end":{"line":15,"column":10}}}
{"type":"end-attributes","loc":{"start":{"line":15,"column":10},"filename":"/cases/attrs.js.pug","end":{"line":15,"column":11}}}
{"type":"&attributes","val":"{foo: 'bar'}","loc":{"start":{"line":15,"column":11},"filename":"/cases/attrs.js.pug","end":{"line":15,"column":36}}}
{"type":"newline","loc":{"start":{"line":16,"column":1},"filename":"/cases/attrs.js.pug","end":{"line":16,"column":1}}}
{"type":"code","val":"var bar = null","mustEscape":false,"buffer":false,"loc":{"start":{"line":16,"column":1},"filename":"/cases/attrs.js.pug","end":{"line":16,"column":17}}}
{"type":"newline","loc":{"start":{"line":17,"column":1},"filename":"/cases/attrs.js.pug","end":{"line":17,"column":1}}}
{"type":"tag","val":"div","loc":{"start":{"line":17,"column":1},"filename":"/cases/attrs.js.pug","end":{"line":17,"column":4}}}
{"type":"start-attributes","loc":{"start":{"line":17,"column":4},"filename":"/cases/attrs.js.pug","end":{"line":17,"column":5}}}
{"type":"attribute","name":"foo","val":"null","mustEscape":true,"loc":{"start":{"line":17,"column":5},"filename":"/cases/attrs.js.pug","end":{"line":17,"column":13}}}
{"type":"attribute","name":"bar","val":"bar","mustEscape":true,"loc":{"start":{"line":17,"column":14},"filename":"/cases/attrs.js.pug","end":{"line":17,"column":21}}}
{"type":"end-attributes","loc":{"start":{"line":17,"column":21},"filename":"/cases/attrs.js.pug","end":{"line":17,"column":22}}}
{"type":"&attributes","val":"{baz: 'baz'}","loc":{"start":{"line":17,"column":22},"filename":"/cases/attrs.js.pug","end":{"line":17,"column":47}}}
{"type":"newline","loc":{"start":{"line":18,"column":1},"filename":"/cases/attrs.js.pug","end":{"line":18,"column":1}}}
{"type":"eos","loc":{"start":{"line":18,"column":1},"filename":"/cases/attrs.js.pug","end":{"line":18,"column":1}}}