{"type":"tag","val":"html","loc":{"start":{"line":1,"column":1},"filename":"/cases/basic.pug","end":{"line":1,"column":5}}}
{"type":"indent","val":2,"loc":{"start":{"line":2,"column":1},"filename":"/cases/basic.pug","end":{"line":2,"column":3}}}
{"type":"tag","val":"body","loc":{"start":{"line":2,"column":3},"filename":"/cases/basic.pug","end":{"line":2,"column":7}}}
{"type":"indent","val":4,"loc":{"start":{"line":3,"column":1},"filename":"/cases/basic.pug","end":{"line":3,"column":5}}}
{"type":"tag","val":"h1","loc":{"start":{"line":3,"column":5},"filename":"/cases/basic.pug","end":{"line":3,"column":7}}}
{"type":"text","val":"Title","loc":{"start":{"line":3,"column":8},"filename":"/cases/basic.pug","end":{"line":3,"column":13}}}
{"type":"outdent","loc":{"start":{"line":3,"column":13},"filename":"/cases/basic.pug","end":{"line":3,"column":13}}}
{"type":"outdent","loc":{"start":{"line":3,"column":13},"filename":"/cases/basic.pug","end":{"line":3,"column":13}}}
{"type":"eos","loc":{"start":{"line":3,"column":13},"filename":"/cases/basic.pug","end":{"line":3,"column":13}}}