{"type":"newline","loc":{"start":{"line":3,"column":1},"filename":"/cases/blanks.pug","end":{"line":3,"column":1}}}
{"type":"tag","val":"ul","loc":{"start":{"line":3,"column":1},"filename":"/cases/blanks.pug","end":{"line":3,"column":3}}}
{"type":"indent","val":2,"loc":{"start":{"line":4,"column":1},"filename":"/cases/blanks.pug","end":{"line":4,"column":3}}}
{"type":"tag","val":"li","loc":{"start":{"line":4,"column":3},"filename":"/cases/blanks.pug","end":{"line":4,"column":5}}}
{"type":"text","val":"foo","loc":{"start":{"line":4,"column":6},"filename":"/cases/blanks.pug","end":{"line":4,"column":9}}}
{"type":"newline","loc":{"start":{"line":6,"column":1},"filename":"/cases/blanks.pug","end":{"line":6,"column":3}}}
{"type":"tag","val":"li","loc":{"start":{"line":6,"column":3},"filename":"/cases/blanks.pug","end":{"line":6,"column":5}}}
{"type":"text","val":"bar","loc":{"start":{"line":6,"column":6},"filename":"/cases/blanks.pug","end":{"line":6,"column":9}}}
{"type":"newline","loc":{"start":{"line":8,"column":1},"filename":"/cases/blanks.pug","end":{"line":8,"column":3}}}
{"type":"tag","val":"li","loc":{"start":{"line":8,"column":3},"filename":"/cases/blanks.pug","end":{"line":8,"column":5}}}
{"type":"text","val":"baz","loc":{"start":{"line":8,"column":6},"filename":"/cases/blanks.pug","end":{"line":8,"column":9}}}
{"type":"outdent","loc":{"start":{"line":9,"column":1},"filename":"/cases/blanks.pug","end":{"line":9,"column":1}}}
{"type":"eos","loc":{"start":{"line":9,"column":1},"filename":"/cases/blanks.pug","end":{"line":9,"column":1}}}