{"type":"tag","val":"ul","loc":{"start":{"line":1,"column":1},"filename":"/cases/block-expansion.shorthands.pug","end":{"line":1,"column":3}}}
{"type":"indent","val":2,"loc":{"start":{"line":2,"column":1},"filename":"/cases/block-expansion.shorthands.pug","end":{"line":2,"column":3}}}
{"type":"tag","val":"li","loc":{"start":{"line":2,"column":3},"filename":"/cases/block-expansion.shorthands.pug","end":{"line":2,"column":5}}}
{"type":"class","val":"list-item","loc":{"start":{"line":2,"column":5},"filename":"/cases/block-expansion.shorthands.pug","end":{"line":2,"column":15}}}
{"type":":","loc":{"start":{"line":2,"column":15},"filename":"/cases/block-expansion.shorthands.pug","end":{"line":2,"column":17}}}
{"type":"class","val":"foo","loc":{"start":{"line":2,"column":17},"filename":"/cases/block-expansion.shorthands.pug","end":{"line":2,"column":21}}}
{"type":":","loc":{"start":{"line":2,"column":21},"filename":"/cases/block-expansion.shorthands.pug","end":{"line":2,"column":23}}}
{"type":"id","val":"bar","loc":{"start":{"line":2,"column":23},"filename":"/cases/block-expansion.shorthands.pug","end":{"line":2,"column":27}}}
{"type":"text","val":"baz","loc":{"start":{"line":2,"column":28},"filename":"/cases/block-expansion.shorthands.pug","end":{"line":2,"column":31}}}
{"type":"outdent","loc":{"start":{"line":2,"column":31},"filename":"/cases/block-expansion.shorthands.pug","end":{"line":2,"column":31}}}
{"type":"eos","loc":{"start":{"line":2,"column":31},"filename":"/cases/block-expansion.shorthands.pug","end":{"line":2,"column":31}}}