{"type":"tag","val":"ul","loc":{"start":{"line":1,"column":1},"filename":"/cases/block-expansion.pug","end":{"line":1,"column":3}}}
{"type":"indent","val":2,"loc":{"start":{"line":2,"column":1},"filename":"/cases/block-expansion.pug","end":{"line":2,"column":3}}}
{"type":"tag","val":"li","loc":{"start":{"line":2,"column":3},"filename":"/cases/block-expansion.pug","end":{"line":2,"column":5}}}
{"type":":","loc":{"start":{"line":2,"column":5},"filename":"/cases/block-expansion.pug","end":{"line":2,"column":7}}}
{"type":"tag","val":"a","loc":{"start":{"line":2,"column":7},"filename":"/cases/block-expansion.pug","end":{"line":2,"column":8}}}
{"type":"start-attributes","loc":{"start":{"line":2,"column":8},"filename":"/cases/block-expansion.pug","end":{"line":2,"column":9}}}
{"type":"attribute","name":"href","val":"'#'","mustEscape":true,"loc":{"start":{"line":2,"column":9},"filename":"/cases/block-expansion.pug","end":{"line":2,"column":17}}}
{"type":"end-attributes","loc":{"start":{"line":2,"column":17},"filename":"/cases/block-expansion.pug","end":{"line":2,"column":18}}}
{"type":"text","val":"foo","loc":{"start":{"line":2,"column":19},"filename":"/cases/block-expansion.pug","end":{"line":2,"column":22}}}
{"type":"newline","loc":{"start":{"line":3,"column":1},"filename":"/cases/block-expansion.pug","end":{"line":3,"column":3}}}
{"type":"tag","val":"li","loc":{"start":{"line":3,"column":3},"filename":"/cases/block-expansion.pug","end":{"line":3,"column":5}}}
{"type":":","loc":{"start":{"line":3,"column":5},"filename":"/cases/block-expansion.pug","end":{"line":3,"column":7}}}
{"type":"tag","val":"a","loc":{"start":{"line":3,"column":7},"filename":"/cases/block-expansion.pug","end":{"line":3,"column":8}}}
{"type":"start-attributes","loc":{"start":{"line":3,"column":8},"filename":"/cases/block-expansion.pug","end":{"line":3,"column":9}}}
{"type":"attribute","name":"href","val":"'#'","mustEscape":true,"loc":{"start":{"line":3,"column":9},"filename":"/cases/block-expansion.pug","end":{"line":3,"column":17}}}
{"type":"end-attributes","loc":{"start":{"line":3,"column":17},"filename":"/cases/block-expansion.pug","end":{"line":3,"column":18}}}
{"type":"text","val":"bar","loc":{"start":{"line":3,"column":19},"filename":"/cases/block-expansion.pug","end":{"line":3,"column":22}}}
{"type":"outdent","loc":{"start":{"line":5,"column":1},"filename":"/cases/block-expansion.pug","end":{"line":5,"column":1}}}
{"type":"tag","val":"p","loc":{"start":{"line":5,"column":1},"filename":"/cases/block-expansion.pug","end":{"line":5,"column":2}}}
{"type":"text","val":"baz","loc":{"start":{"line":5,"column":3},"filename":"/cases/block-expansion.pug","end":{"line":5,"column":6}}}
{"type":"eos","loc":{"start":{"line":5,"column":6},"filename":"/cases/block-expansion.pug","end":{"line":5,"column":6}}}