{"type":"tag","val":"figure","loc":{"start":{"line":1,"column":1},"filename":"/cases/blockquote.pug","end":{"line":1,"column":7}}}
{"type":"indent","val":2,"loc":{"start":{"line":2,"column":1},"filename":"/cases/blockquote.pug","end":{"line":2,"column":3}}}
{"type":"tag","val":"blockquote","loc":{"start":{"line":2,"column":3},"filename":"/cases/blockquote.pug","end":{"line":2,"column":13}}}
{"type":"indent","val":4,"loc":{"start":{"line":3,"column":1},"filename":"/cases/blockquote.pug","end":{"line":3,"column":5}}}
{"type":"text","val":"Try to define yourself by what you do, and you&#8217;ll burnout every time. You are. That is enough. I rest in that.","loc":{"start":{"line":3,"column":7},"filename":"/cases/blockquote.pug","end":{"line":3,"column":123}}}
{"type":"outdent","loc":{"start":{"line":4,"column":1},"filename":"/cases/blockquote.pug","end":{"line":4,"column":3}}}
{"type":"tag","val":"figcaption","loc":{"start":{"line":4,"column":3},"filename":"/cases/blockquote.pug","end":{"line":4,"column":13}}}
{"type":"text","val":"from @thefray at 1:43pm on May 10","loc":{"start":{"line":4,"column":14},"filename":"/cases/blockquote.pug","end":{"line":4,"column":47}}}
{"type":"outdent","loc":{"start":{"line":4,"column":47},"filename":"/cases/blockquote.pug","end":{"line":4,"column":47}}}
{"type":"eos","loc":{"start":{"line":4,"column":47},"filename":"/cases/blockquote.pug","end":{"line":4,"column":47}}}