{"type":"extends","loc":{"start":{"line":1,"column":1},"filename":"/cases/blocks-in-blocks.pug","end":{"line":1,"column":8}}}
{"type":"path","val":"./auxiliary/blocks-in-blocks-layout.pug","loc":{"start":{"line":1,"column":9},"filename":"/cases/blocks-in-blocks.pug","end":{"line":1,"column":48}}}
{"type":"newline","loc":{"start":{"line":3,"column":1},"filename":"/cases/blocks-in-blocks.pug","end":{"line":3,"column":1}}}
{"type":"block","val":"body","mode":"replace","loc":{"start":{"line":3,"column":1},"filename":"/cases/blocks-in-blocks.pug","end":{"line":3,"column":11}}}
{"type":"indent","val":2,"loc":{"start":{"line":4,"column":1},"filename":"/cases/blocks-in-blocks.pug","end":{"line":4,"column":3}}}
{"type":"tag","val":"h1","loc":{"start":{"line":4,"column":3},"filename":"/cases/blocks-in-blocks.pug","end":{"line":4,"column":5}}}
{"type":"text","val":"Page 2","loc":{"start":{"line":4,"column":6},"filename":"/cases/blocks-in-blocks.pug","end":{"line":4,"column":12}}}
{"type":"outdent","loc":{"start":{"line":5,"column":1},"filename":"/cases/blocks-in-blocks.pug","end":{"line":5,"column":1}}}
{"type":"eos","loc":{"start":{"line":5,"column":1},"filename":"/cases/blocks-in-blocks.pug","end":{"line":5,"column":1}}}