{"type":"tag","val":"html","loc":{"start":{"line":1,"column":1},"filename":"/cases/case-blocks.pug","end":{"line":1,"column":5}}}
{"type":"indent","val":2,"loc":{"start":{"line":2,"column":1},"filename":"/cases/case-blocks.pug","end":{"line":2,"column":3}}}
{"type":"tag","val":"body","loc":{"start":{"line":2,"column":3},"filename":"/cases/case-blocks.pug","end":{"line":2,"column":7}}}
{"type":"indent","val":4,"loc":{"start":{"line":3,"column":1},"filename":"/cases/case-blocks.pug","end":{"line":3,"column":5}}}
{"type":"code","val":"var friends = 1","mustEscape":false,"buffer":false,"loc":{"start":{"line":3,"column":5},"filename":"/cases/case-blocks.pug","end":{"line":3,"column":22}}}
{"type":"newline","loc":{"start":{"line":4,"column":1},"filename":"/cases/case-blocks.pug","end":{"line":4,"column":5}}}
{"type":"case","val":"friends","loc":{"start":{"line":4,"column":5},"filename":"/cases/case-blocks.pug","end":{"line":4,"column":17}}}
{"type":"indent","val":6,"loc":{"start":{"line":5,"column":1},"filename":"/cases/case-blocks.pug","end":{"line":5,"column":7}}}
{"type":"when","val":"0","loc":{"start":{"line":5,"column":7},"filename":"/cases/case-blocks.pug","end":{"line":5,"column":13}}}
{"type":"indent","val":8,"loc":{"start":{"line":6,"column":1},"filename":"/cases/case-blocks.pug","end":{"line":6,"column":9}}}
{"type":"tag","val":"p","loc":{"start":{"line":6,"column":9},"filename":"/cases/case-blocks.pug","end":{"line":6,"column":10}}}
{"type":"text","val":"you have no friends","loc":{"start":{"line":6,"column":11},"filename":"/cases/case-blocks.pug","end":{"line":6,"column":30}}}
{"type":"outdent","loc":{"start":{"line":7,"column":1},"filename":"/cases/case-blocks.pug","end":{"line":7,"column":7}}}
{"type":"when","val":"1","loc":{"start":{"line":7,"column":7},"filename":"/cases/case-blocks.pug","end":{"line":7,"column":13}}}
{"type":"indent","val":8,"loc":{"start":{"line":8,"column":1},"filename":"/cases/case-blocks.pug","end":{"line":8,"column":9}}}
{"type":"tag","val":"p","loc":{"start":{"line":8,"column":9},"filename":"/cases/case-blocks.pug","end":{"line":8,"column":10}}}
{"type":"text","val":"you have a friend","loc":{"start":{"line":8,"column":11},"filename":"/cases/case-blocks.pug","end":{"line":8,"column":28}}}
{"type":"outdent","loc":{"start":{"line":9,"column":1},"filename":"/cases/case-blocks.pug","end":{"line":9,"column":7}}}
{"type":"default","loc":{"start":{"line":9,"column":7},"filename":"/cases/case-blocks.pug","end":{"line":9,"column":14}}}
{"type":"indent","val":8,"loc":{"start":{"line":10,"column":1},"filename":"/cases/case-blocks.pug","end":{"line":10,"column":9}}}
{"type":"tag","val":"p","loc":{"start":{"line":10,"column":9},"filename":"/cases/case-blocks.pug","end":{"line":10,"column":10}}}
{"type":"text","val":"you have ","loc":{"start":{"line":10,"column":11},"filename":"/cases/case-blocks.pug","end":{"line":10,"column":20}}}
{"type":"interpolated-code","val":"friends","mustEscape":true,"buffer":true,"loc":{"start":{"line":10,"column":20},"filename":"/cases/case-blocks.pug","end":{"line":10,"column":30}}}
{"type":"text","val":" friends","loc":{"start":{"line":10,"column":30},"filename":"/cases/case-blocks.pug","end":{"line":10,"column":38}}}
{"type":"outdent","loc":{"start":{"line":10,"column":38},"filename":"/cases/case-blocks.pug","end":{"line":10,"column":38}}}
{"type":"outdent","loc":{"start":{"line":10,"column":38},"filename":"/cases/case-blocks.pug","end":{"line":10,"column":38}}}
{"type":"outdent","loc":{"start":{"line":10,"column":38},"filename":"/cases/case-blocks.pug","end":{"line":10,"column":38}}}
{"type":"outdent","loc":{"start":{"line":10,"column":38},"filename":"/cases/case-blocks.pug","end":{"line":10,"column":38}}}
{"type":"eos","loc":{"start":{"line":10,"column":38},"filename":"/cases/case-blocks.pug","end":{"line":10,"column":38}}}