{"type":"tag","val":"html","loc":{"start":{"line":1,"column":1},"filename":"/cases/case.pug","end":{"line":1,"column":5}}}
{"type":"indent","val":2,"loc":{"start":{"line":2,"column":1},"filename":"/cases/case.pug","end":{"line":2,"column":3}}}
{"type":"tag","val":"body","loc":{"start":{"line":2,"column":3},"filename":"/cases/case.pug","end":{"line":2,"column":7}}}
{"type":"indent","val":4,"loc":{"start":{"line":3,"column":1},"filename":"/cases/case.pug","end":{"line":3,"column":5}}}
{"type":"code","val":"var friends = 1","mustEscape":false,"buffer":false,"loc":{"start":{"line":3,"column":5},"filename":"/cases/case.pug","end":{"line":3,"column":22}}}
{"type":"newline","loc":{"start":{"line":4,"column":1},"filename":"/cases/case.pug","end":{"line":4,"column":5}}}
{"type":"case","val":"friends","loc":{"start":{"line":4,"column":5},"filename":"/cases/case.pug","end":{"line":4,"column":17}}}
{"type":"indent","val":6,"loc":{"start":{"line":5,"column":1},"filename":"/cases/case.pug","end":{"line":5,"column":7}}}
{"type":"when","val":"0","loc":{"start":{"line":5,"column":7},"filename":"/cases/case.pug","end":{"line":5,"column":13}}}
{"type":":","loc":{"start":{"line":5,"column":13},"filename":"/cases/case.pug","end":{"line":5,"column":15}}}
{"type":"tag","val":"p","loc":{"start":{"line":5,"column":15},"filename":"/cases/case.pug","end":{"line":5,"column":16}}}
{"type":"text","val":"you have no friends","loc":{"start":{"line":5,"column":17},"filename":"/cases/case.pug","end":{"line":5,"column":36}}}
{"type":"newline","loc":{"start":{"line":6,"column":1},"filename":"/cases/case.pug","end":{"line":6,"column":7}}}
{"type":"when","val":"1","loc":{"start":{"line":6,"column":7},"filename":"/cases/case.pug","end":{"line":6,"column":13}}}
{"type":":","loc":{"start":{"line":6,"column":13},"filename":"/cases/case.pug","end":{"line":6,"column":15}}}
{"type":"tag","val":"p","loc":{"start":{"line":6,"column":15},"filename":"/cases/case.pug","end":{"line":6,"column":16}}}
{"type":"text","val":"you have a friend","loc":{"start":{"line":6,"column":17},"filename":"/cases/case.pug","end":{"line":6,"column":34}}}
{"type":"newline","loc":{"start":{"line":7,"column":1},"filename":"/cases/case.pug","end":{"line":7,"column":7}}}
{"type":"default","loc":{"start":{"line":7,"column":7},"filename":"/cases/case.pug","end":{"line":7,"column":14}}}
{"type":":","loc":{"start":{"line":7,"column":14},"filename":"/cases/case.pug","end":{"line":7,"column":16}}}
{"type":"tag","val":"p","loc":{"start":{"line":7,"column":16},"filename":"/cases/case.pug","end":{"line":7,"column":17}}}
{"type":"text","val":"you have ","loc":{"start":{"line":7,"column":18},"filename":"/cases/case.pug","end":{"line":7,"column":27}}}
{"type":"interpolated-code","mustEscape":true,"buffer":true,"val":"friends","loc":{"start":{"line":7,"column":27},"filename":"/cases/case.pug","end":{"line":7,"column":37}}}
{"type":"text","val":" friends","loc":{"start":{"line":7,"column":37},"filename":"/cases/case.pug","end":{"line":7,"column":45}}}
{"type":"outdent","loc":{"start":{"line":8,"column":1},"filename":"/cases/case.pug","end":{"line":8,"column":5}}}
{"type":"code","val":"var friends = 0","mustEscape":false,"buffer":false,"loc":{"start":{"line":8,"column":5},"filename":"/cases/case.pug","end":{"line":8,"column":22}}}
{"type":"newline","loc":{"start":{"line":9,"column":1},"filename":"/cases/case.pug","end":{"line":9,"column":5}}}
{"type":"case","val":"friends","loc":{"start":{"line":9,"column":5},"filename":"/cases/case.pug","end":{"line":9,"column":17}}}
{"type":"indent","val":6,"loc":{"start":{"line":10,"column":1},"filename":"/cases/case.pug","end":{"line":10,"column":7}}}
{"type":"when","val":"0","loc":{"start":{"line":10,"column":7},"filename":"/cases/case.pug","end":{"line":10,"column":13}}}
{"type":"newline","loc":{"start":{"line":11,"column":1},"filename":"/cases/case.pug","end":{"line":11,"column":7}}}
{"type":"when","val":"1","loc":{"start":{"line":11,"column":7},"filename":"/cases/case.pug","end":{"line":11,"column":13}}}
{"type":"indent","val":8,"loc":{"start":{"line":12,"column":1},"filename":"/cases/case.pug","end":{"line":12,"column":9}}}
{"type":"tag","val":"p","loc":{"start":{"line":12,"column":9},"filename":"/cases/case.pug","end":{"line":12,"column":10}}}
{"type":"text","val":"you have very few friends","loc":{"start":{"line":12,"column":11},"filename":"/cases/case.pug","end":{"line":12,"column":36}}}
{"type":"outdent","loc":{"start":{"line":13,"column":1},"filename":"/cases/case.pug","end":{"line":13,"column":7}}}
{"type":"default","loc":{"start":{"line":13,"column":7},"filename":"/cases/case.pug","end":{"line":13,"column":14}}}
{"type":"indent","val":8,"loc":{"start":{"line":14,"column":1},"filename":"/cases/case.pug","end":{"line":14,"column":9}}}
{"type":"tag","val":"p","loc":{"start":{"line":14,"column":9},"filename":"/cases/case.pug","end":{"line":14,"column":10}}}
{"type":"text","val":"you have ","loc":{"start":{"line":14,"column":11},"filename":"/cases/case.pug","end":{"line":14,"column":20}}}
{"type":"interpolated-code","mustEscape":true,"buffer":true,"val":"friends","loc":{"start":{"line":14,"column":20},"filename":"/cases/case.pug","end":{"line":14,"column":30}}}
{"type":"text","val":" friends","loc":{"start":{"line":14,"column":30},"filename":"/cases/case.pug","end":{"line":14,"column":38}}}
{"type":"outdent","loc":{"start":{"line":16,"column":1},"filename":"/cases/case.pug","end":{"line":16,"column":5}}}
{"type":"outdent","loc":{"start":{"line":16,"column":1},"filename":"/cases/case.pug","end":{"line":16,"column":5}}}
{"type":"code","val":"var friend = 'Tim:G'","mustEscape":false,"buffer":false,"loc":{"start":{"line":16,"column":5},"filename":"/cases/case.pug","end":{"line":16,"column":27}}}
{"type":"newline","loc":{"start":{"line":17,"column":1},"filename":"/cases/case.pug","end":{"line":17,"column":5}}}
{"type":"case","val":"friend","loc":{"start":{"line":17,"column":5},"filename":"/cases/case.pug","end":{"line":17,"column":16}}}
{"type":"indent","val":6,"loc":{"start":{"line":18,"column":1},"filename":"/cases/case.pug","end":{"line":18,"column":7}}}
{"type":"when","val":"'Tim:G'","loc":{"start":{"line":18,"column":7},"filename":"/cases/case.pug","end":{"line":18,"column":19}}}
{"type":":","loc":{"start":{"line":18,"column":19},"filename":"/cases/case.pug","end":{"line":18,"column":24}}}
{"type":"tag","val":"p","loc":{"start":{"line":18,"column":24},"filename":"/cases/case.pug","end":{"line":18,"column":25}}}
{"type":"text","val":"Friend is a string","loc":{"start":{"line":18,"column":26},"filename":"/cases/case.pug","end":{"line":18,"column":44}}}
{"type":"newline","loc":{"start":{"line":19,"column":1},"filename":"/cases/case.pug","end":{"line":19,"column":7}}}
{"type":"when","val":"{tim: 'g'}","loc":{"start":{"line":19,"column":7},"filename":"/cases/case.pug","end":{"line":19,"column":22}}}
{"type":":","loc":{"start":{"line":19,"column":22},"filename":"/cases/case.pug","end":{"line":19,"column":24}}}
{"type":"tag","val":"p","loc":{"start":{"line":19,"column":24},"filename":"/cases/case.pug","end":{"line":19,"column":25}}}
{"type":"text","val":"Friend is an object","loc":{"start":{"line":19,"column":26},"filename":"/cases/case.pug","end":{"line":19,"column":45}}}
{"type":"outdent","loc":{"start":{"line":20,"column":1},"filename":"/cases/case.pug","end":{"line":20,"column":1}}}
{"type":"outdent","loc":{"start":{"line":20,"column":1},"filename":"/cases/case.pug","end":{"line":20,"column":1}}}
{"type":"outdent","loc":{"start":{"line":20,"column":1},"filename":"/cases/case.pug","end":{"line":20,"column":1}}}
{"type":"eos","loc":{"start":{"line":20,"column":1},"filename":"/cases/case.pug","end":{"line":20,"column":1}}}