{"type":"tag","val":"a","loc":{"start":{"line":1,"column":1},"filename":"/cases/classes-empty.pug","end":{"line":1,"column":2}}}
{"type":"start-attributes","loc":{"start":{"line":1,"column":2},"filename":"/cases/classes-empty.pug","end":{"line":1,"column":3}}}
{"type":"attribute","name":"class","val":"''","mustEscape":true,"loc":{"start":{"line":1,"column":3},"filename":"/cases/classes-empty.pug","end":{"line":1,"column":11}}}
{"type":"end-attributes","loc":{"start":{"line":1,"column":11},"filename":"/cases/classes-empty.pug","end":{"line":1,"column":12}}}
{"type":"newline","loc":{"start":{"line":2,"column":1},"filename":"/cases/classes-empty.pug","end":{"line":2,"column":1}}}
{"type":"tag","val":"a","loc":{"start":{"line":2,"column":1},"filename":"/cases/classes-empty.pug","end":{"line":2,"column":2}}}
{"type":"start-attributes","loc":{"start":{"line":2,"column":2},"filename":"/cases/classes-empty.pug","end":{"line":2,"column":3}}}
{"type":"attribute","name":"class","val":"null","mustEscape":true,"loc":{"start":{"line":2,"column":3},"filename":"/cases/classes-empty.pug","end":{"line":2,"column":13}}}
{"type":"end-attributes","loc":{"start":{"line":2,"column":13},"filename":"/cases/classes-empty.pug","end":{"line":2,"column":14}}}
{"type":"newline","loc":{"start":{"line":3,"column":1},"filename":"/cases/classes-empty.pug","end":{"line":3,"column":1}}}
{"type":"tag","val":"a","loc":{"start":{"line":3,"column":1},"filename":"/cases/classes-empty.pug","end":{"line":3,"column":2}}}
{"type":"start-attributes","loc":{"start":{"line":3,"column":2},"filename":"/cases/classes-empty.pug","end":{"line":3,"column":3}}}
{"type":"attribute","name":"class","val":"undefined","mustEscape":true,"loc":{"start":{"line":3,"column":3},"filename":"/cases/classes-empty.pug","end":{"line":3,"column":18}}}
{"type":"end-attributes","loc":{"start":{"line":3,"column":18},"filename":"/cases/classes-empty.pug","end":{"line":3,"column":19}}}
{"type":"eos","loc":{"start":{"line":3,"column":19},"filename":"/cases/classes-empty.pug","end":{"line":3,"column":19}}}