{"type":"newline","loc":{"start":{"line":2,"column":1},"filename":"/cases/code.iteration.pug","end":{"line":0,"column":0}}}
{"type":"code","val":"var items = [1,2,3]","mustEscape":false,"buffer":false,"loc":{"start":{"line":2,"column":1},"filename":"/cases/code.iteration.pug","end":{"line":0,"column":0}}}
{"type":"newline","loc":{"start":{"line":4,"column":1},"filename":"/cases/code.iteration.pug","end":{"line":0,"column":0}}}
{"type":"tag","val":"ul","loc":{"start":{"line":4,"column":1},"filename":"/cases/code.iteration.pug","end":{"line":0,"column":0}}}
{"type":"indent","val":2,"loc":{"start":{"line":5,"column":1},"filename":"/cases/code.iteration.pug","end":{"line":0,"column":0}}}
{"type":"code","val":"items.forEach(function(item){","mustEscape":false,"buffer":false,"loc":{"start":{"line":5,"column":3},"filename":"/cases/code.iteration.pug","end":{"line":0,"column":0}}}
{"type":"indent","val":4,"loc":{"start":{"line":6,"column":1},"filename":"/cases/code.iteration.pug","end":{"line":0,"column":0}}}
{"type":"tag","val":"li","loc":{"start":{"line":6,"column":5},"filename":"/cases/code.iteration.pug","end":{"line":0,"column":0}}}
{"type":"code","val":"item","mustEscape":true,"buffer":true,"loc":{"start":{"line":6,"column":7},"filename":"/cases/code.iteration.pug","end":{"line":0,"column":0}}}
{"type":"outdent","loc":{"start":{"line":7,"column":3},"filename":"/cases/code.iteration.pug","end":{"line":0,"column":0}}}
{"type":"code","val":"})","mustEscape":false,"buffer":false,"loc":{"start":{"line":7,"column":3},"filename":"/cases/code.iteration.pug","end":{"line":0,"column":0}}}
{"type":"outdent","loc":{"start":{"line":9,"column":1},"filename":"/cases/code.iteration.pug","end":{"line":0,"column":0}}}
{"type":"code","val":"var items = [1,2,3]","mustEscape":false,"buffer":false,"loc":{"start":{"line":9,"column":1},"filename":"/cases/code.iteration.pug","end":{"line":0,"column":0}}}
{"type":"newline","loc":{"start":{"line":11,"column":1},"filename":"/cases/code.iteration.pug","end":{"line":0,"column":0}}}
{"type":"tag","val":"ul","loc":{"start":{"line":11,"column":1},"filename":"/cases/code.iteration.pug","end":{"line":0,"column":0}}}
{"type":"indent","val":2,"loc":{"start":{"line":12,"column":1},"filename":"/cases/code.iteration.pug","end":{"line":0,"column":0}}}
{"type":"each","val":"item","key":"i","code":"items","loc":{"start":{"line":12,"column":3},"filename":"/cases/code.iteration.pug","end":{"line":0,"column":0}}}
{"type":"indent","val":4,"loc":{"start":{"line":13,"column":1},"filename":"/cases/code.iteration.pug","end":{"line":0,"column":0}}}
{"type":"tag","val":"li","loc":{"start":{"line":13,"column":5},"filename":"/cases/code.iteration.pug","end":{"line":0,"column":0}}}
{"type":"start-attributes","loc":{"start":{"line":13,"column":7},"filename":"/cases/code.iteration.pug","end":{"line":0,"column":0}}}
{"type":"attribute","name":"class","val":"'item-' + i","mustEscape":true,"loc":{"start":{"line":13,"column":8},"filename":"/cases/code.iteration.pug","end":{"line":0,"column":0}}}
{"type":"end-attributes","loc":{"start":{"line":13,"column":25},"filename":"/cases/code.iteration.pug","end":{"line":0,"column":0}}}
{"type":"code","val":"item","mustEscape":true,"buffer":true,"loc":{"start":{"line":13,"column":26},"filename":"/cases/code.iteration.pug","end":{"line":0,"column":0}}}
{"type":"outdent","loc":{"start":{"line":15,"column":3},"filename":"/cases/code.iteration.pug","end":{"line":0,"column":0}}}
{"type":"outdent","loc":{"start":{"line":15,"column":1},"filename":"/cases/code.iteration.pug","end":{"line":0,"column":0}}}
{"type":"tag","val":"ul","loc":{"start":{"line":15,"column":1},"filename":"/cases/code.iteration.pug","end":{"line":0,"column":0}}}
{"type":"indent","val":2,"loc":{"start":{"line":16,"column":1},"filename":"/cases/code.iteration.pug","end":{"line":0,"column":0}}}
{"type":"each","val":"item","key":"i","code":"items","loc":{"start":{"line":16,"column":3},"filename":"/cases/code.iteration.pug","end":{"line":0,"column":0}}}
{"type":"indent","val":4,"loc":{"start":{"line":17,"column":1},"filename":"/cases/code.iteration.pug","end":{"line":0,"column":0}}}
{"type":"tag","val":"li","loc":{"start":{"line":17,"column":5},"filename":"/cases/code.iteration.pug","end":{"line":0,"column":0}}}
{"type":"code","val":"item","mustEscape":true,"buffer":true,"loc":{"start":{"line":17,"column":7},"filename":"/cases/code.iteration.pug","end":{"line":0,"column":0}}}
{"type":"outdent","loc":{"start":{"line":19,"column":3},"filename":"/cases/code.iteration.pug","end":{"line":0,"column":0}}}
{"type":"outdent","loc":{"start":{"line":19,"column":1},"filename":"/cases/code.iteration.pug","end":{"line":0,"column":0}}}
{"type":"tag","val":"ul","loc":{"start":{"line":19,"column":1},"filename":"/cases/code.iteration.pug","end":{"line":0,"column":0}}}
{"type":"indent","val":2,"loc":{"start":{"line":20,"column":1},"filename":"/cases/code.iteration.pug","end":{"line":0,"column":0}}}
{"type":"each","val":"$item","key":null,"code":"items","loc":{"start":{"line":20,"column":3},"filename":"/cases/code.iteration.pug","end":{"line":0,"column":0}}}
{"type":"indent","val":4,"loc":{"start":{"line":21,"column":1},"filename":"/cases/code.iteration.pug","end":{"line":0,"column":0}}}
{"type":"tag","val":"li","loc":{"start":{"line":21,"column":5},"filename":"/cases/code.iteration.pug","end":{"line":0,"column":0}}}
{"type":"code","val":"$item","mustEscape":true,"buffer":true,"loc":{"start":{"line":21,"column":7},"filename":"/cases/code.iteration.pug","end":{"line":0,"column":0}}}
{"type":"outdent","loc":{"start":{"line":23,"column":3},"filename":"/cases/code.iteration.pug","end":{"line":0,"column":0}}}
{"type":"outdent","loc":{"start":{"line":23,"column":1},"filename":"/cases/code.iteration.pug","end":{"line":0,"column":0}}}
{"type":"code","val":"var nums = [1, 2, 3]","mustEscape":false,"buffer":false,"loc":{"start":{"line":23,"column":1},"filename":"/cases/code.iteration.pug","end":{"line":0,"column":0}}}
{"type":"newline","loc":{"start":{"line":24,"column":1},"filename":"/cases/code.iteration.pug","end":{"line":0,"column":0}}}
{"type":"code","val":"var letters = ['a', 'b', 'c']","mustEscape":false,"buffer":false,"loc":{"start":{"line":24,"column":1},"filename":"/cases/code.iteration.pug","end":{"line":0,"column":0}}}
{"type":"newline","loc":{"start":{"line":26,"column":1},"filename":"/cases/code.iteration.pug","end":{"line":0,"column":0}}}
{"type":"tag","val":"ul","loc":{"start":{"line":26,"column":1},"filename":"/cases/code.iteration.pug","end":{"line":0,"column":0}}}
{"type":"indent","val":2,"loc":{"start":{"line":27,"column":1},"filename":"/cases/code.iteration.pug","end":{"line":0,"column":0}}}
{"type":"each","val":"l","key":null,"code":"letters","loc":{"start":{"line":27,"column":3},"filename":"/cases/code.iteration.pug","end":{"line":0,"column":0}}}
{"type":"indent","val":4,"loc":{"start":{"line":28,"column":1},"filename":"/cases/code.iteration.pug","end":{"line":0,"column":0}}}
{"type":"each","val":"n","key":null,"code":"nums","loc":{"start":{"line":28,"column":5},"filename":"/cases/code.iteration.pug","end":{"line":0,"column":0}}}
{"type":"indent","val":6,"loc":{"start":{"line":29,"column":1},"filename":"/cases/code.iteration.pug","end":{"line":0,"column":0}}}
{"type":"tag","val":"li","loc":{"start":{"line":29,"column":7},"filename":"/cases/code.iteration.pug","end":{"line":0,"column":0}}}
{"type":"interpolated-code","val":"n","mustEscape":true,"buffer":true,"loc":{"start":{"line":29,"column":10},"filename":"/cases/code.iteration.pug","end":{"line":0,"column":0}}}
{"type":"text","val":": ","loc":{"start":{"line":29,"column":14},"filename":"/cases/code.iteration.pug","end":{"line":0,"column":0}}}
{"type":"interpolated-code","val":"l","mustEscape":true,"buffer":true,"loc":{"start":{"line":29,"column":16},"filename":"/cases/code.iteration.pug","end":{"line":0,"column":0}}}
{"type":"outdent","loc":{"start":{"line":31,"column":5},"filename":"/cases/code.iteration.pug","end":{"line":0,"column":0}}}
{"type":"outdent","loc":{"start":{"line":31,"column":3},"filename":"/cases/code.iteration.pug","end":{"line":0,"column":0}}}
{"type":"outdent","loc":{"start":{"line":31,"column":1},"filename":"/cases/code.iteration.pug","end":{"line":0,"column":0}}}
{"type":"code","val":"var count = 1","mustEscape":false,"buffer":false,"loc":{"start":{"line":31,"column":1},"filename":"/cases/code.iteration.pug","end":{"line":0,"column":0}}}
{"type":"newline","loc":{"start":{"line":32,"column":1},"filename":"/cases/code.iteration.pug","end":{"line":0,"column":0}}}
{"type":"code","val":"var counter = function() { return [count++, count++, count++] }","mustEscape":false,"buffer":false,"loc":{"start":{"line":32,"column":1},"filename":"/cases/code.iteration.pug","end":{"line":0,"column":0}}}
{"type":"newline","loc":{"start":{"line":33,"column":1},"filename":"/cases/code.iteration.pug","end":{"line":0,"column":0}}}
{"type":"tag","val":"ul","loc":{"start":{"line":33,"column":1},"filename":"/cases/code.iteration.pug","end":{"line":0,"column":0}}}
{"type":"indent","val":2,"loc":{"start":{"line":34,"column":1},"filename":"/cases/code.iteration.pug","end":{"line":0,"column":0}}}
{"type":"each","val":"n","key":null,"code":"counter()","loc":{"start":{"line":34,"column":3},"filename":"/cases/code.iteration.pug","end":{"line":0,"column":0}}}
{"type":"indent","val":4,"loc":{"start":{"line":35,"column":1},"filename":"/cases/code.iteration.pug","end":{"line":0,"column":0}}}
{"type":"tag","val":"li","loc":{"start":{"line":35,"column":5},"filename":"/cases/code.iteration.pug","end":{"line":0,"column":0}}}
{"type":"interpolated-code","val":"n","mustEscape":true,"buffer":true,"loc":{"start":{"line":35,"column":8},"filename":"/cases/code.iteration.pug","end":{"line":0,"column":0}}}
{"type":"outdent","loc":{"start":{"line":36,"column":3},"filename":"/cases/code.iteration.pug","end":{"line":0,"column":0}}}
{"type":"outdent","loc":{"start":{"line":36,"column":1},"filename":"/cases/code.iteration.pug","end":{"line":0,"column":0}}}
{"type":"eos","loc":{"start":{"line":36,"column":1},"filename":"/cases/code.iteration.pug","end":{"line":0,"column":0}}}