{"type":"comment","val":"","buffer":false,"loc":{"start":{"line":1,"column":1},"filename":"/cases/comments.source.pug","end":{"line":1,"column":4}}}
{"type":"start-pipeless-text","loc":{"start":{"line":1,"column":4},"filename":"/cases/comments.source.pug","end":{"line":1,"column":4}}}
{"type":"text","val":"s/s.","loc":{"start":{"line":2,"column":3},"filename":"/cases/comments.source.pug","end":{"line":2,"column":7}}}
{"type":"newline","loc":{"start":{"line":3,"column":1},"filename":"/cases/comments.source.pug","end":{"line":3,"column":1}}}
{"type":"text","val":"","loc":{"start":{"line":3,"column":1},"filename":"/cases/comments.source.pug","end":{"line":3,"column":1}}}
{"type":"end-pipeless-text","loc":{"start":{"line":3,"column":1},"filename":"/cases/comments.source.pug","end":{"line":3,"column":1}}}
{"type":"newline","loc":{"start":{"line":4,"column":1},"filename":"/cases/comments.source.pug","end":{"line":4,"column":1}}}
{"type":"comment","val":" test/cases/comments.source.pug","buffer":false,"loc":{"start":{"line":4,"column":1},"filename":"/cases/comments.source.pug","end":{"line":4,"column":35}}}
{"type":"newline","loc":{"start":{"line":6,"column":1},"filename":"/cases/comments.source.pug","end":{"line":6,"column":1}}}
{"type":"comment","val":"","buffer":false,"loc":{"start":{"line":6,"column":1},"filename":"/cases/comments.source.pug","end":{"line":6,"column":4}}}
{"type":"start-pipeless-text","loc":{"start":{"line":6,"column":4},"filename":"/cases/comments.source.pug","end":{"line":6,"column":4}}}
{"type":"text","val":"test/cases/comments.source.pug","loc":{"start":{"line":7,"column":3},"filename":"/cases/comments.source.pug","end":{"line":7,"column":33}}}
{"type":"newline","loc":{"start":{"line":8,"column":1},"filename":"/cases/comments.source.pug","end":{"line":8,"column":3}}}
{"type":"text","val":"when","loc":{"start":{"line":8,"column":3},"filename":"/cases/comments.source.pug","end":{"line":8,"column":7}}}
{"type":"newline","loc":{"start":{"line":9,"column":1},"filename":"/cases/comments.source.pug","end":{"line":9,"column":3}}}
{"type":"text","val":"()","loc":{"start":{"line":9,"column":3},"filename":"/cases/comments.source.pug","end":{"line":9,"column":5}}}
{"type":"end-pipeless-text","loc":{"start":{"line":9,"column":5},"filename":"/cases/comments.source.pug","end":{"line":9,"column":5}}}
{"type":"eos","loc":{"start":{"line":9,"column":5},"filename":"/cases/comments.source.pug","end":{"line":9,"column":5}}}