{"type":"newline","loc":{"start":{"line":2,"column":1},"filename":"/cases/comments.pug","end":{"line":2,"column":1}}}
{"type":"comment","val":" foo","buffer":true,"loc":{"start":{"line":2,"column":1},"filename":"/cases/comments.pug","end":{"line":2,"column":7}}}
{"type":"newline","loc":{"start":{"line":3,"column":1},"filename":"/cases/comments.pug","end":{"line":3,"column":1}}}
{"type":"tag","val":"ul","loc":{"start":{"line":3,"column":1},"filename":"/cases/comments.pug","end":{"line":3,"column":3}}}
{"type":"indent","val":2,"loc":{"start":{"line":4,"column":1},"filename":"/cases/comments.pug","end":{"line":4,"column":3}}}
{"type":"comment","val":" bar","buffer":true,"loc":{"start":{"line":4,"column":3},"filename":"/cases/comments.pug","end":{"line":4,"column":9}}}
{"type":"newline","loc":{"start":{"line":5,"column":1},"filename":"/cases/comments.pug","end":{"line":5,"column":3}}}
{"type":"tag","val":"li","loc":{"start":{"line":5,"column":3},"filename":"/cases/comments.pug","end":{"line":5,"column":5}}}
{"type":"text","val":"one","loc":{"start":{"line":5,"column":6},"filename":"/cases/comments.pug","end":{"line":5,"column":9}}}
{"type":"newline","loc":{"start":{"line":6,"column":1},"filename":"/cases/comments.pug","end":{"line":6,"column":3}}}
{"type":"comment","val":" baz","buffer":true,"loc":{"start":{"line":6,"column":3},"filename":"/cases/comments.pug","end":{"line":6,"column":9}}}
{"type":"newline","loc":{"start":{"line":7,"column":1},"filename":"/cases/comments.pug","end":{"line":7,"column":3}}}
{"type":"tag","val":"li","loc":{"start":{"line":7,"column":3},"filename":"/cases/comments.pug","end":{"line":7,"column":5}}}
{"type":"text","val":"two","loc":{"start":{"line":7,"column":6},"filename":"/cases/comments.pug","end":{"line":7,"column":9}}}
{"type":"outdent","loc":{"start":{"line":9,"column":1},"filename":"/cases/comments.pug","end":{"line":9,"column":1}}}
{"type":"comment","val":"","buffer":true,"loc":{"start":{"line":9,"column":1},"filename":"/cases/comments.pug","end":{"line":9,"column":3}}}
{"type":"start-pipeless-text","loc":{"start":{"line":9,"column":3},"filename":"/cases/comments.pug","end":{"line":9,"column":3}}}
{"type":"text","val":"ul","loc":{"start":{"line":10,"column":3},"filename":"/cases/comments.pug","end":{"line":10,"column":5}}}
{"type":"newline","loc":{"start":{"line":11,"column":1},"filename":"/cases/comments.pug","end":{"line":11,"column":3}}}
{"type":"text","val":"  li foo","loc":{"start":{"line":11,"column":3},"filename":"/cases/comments.pug","end":{"line":11,"column":11}}}
{"type":"newline","loc":{"start":{"line":12,"column":1},"filename":"/cases/comments.pug","end":{"line":12,"column":1}}}
{"type":"text","val":"","loc":{"start":{"line":12,"column":1},"filename":"/cases/comments.pug","end":{"line":12,"column":1}}}
{"type":"end-pipeless-text","loc":{"start":{"line":12,"column":1},"filename":"/cases/comments.pug","end":{"line":12,"column":1}}}
{"type":"newline","loc":{"start":{"line":13,"column":1},"filename":"/cases/comments.pug","end":{"line":13,"column":1}}}
{"type":"comment","val":" block","buffer":true,"loc":{"start":{"line":13,"column":1},"filename":"/cases/comments.pug","end":{"line":13,"column":9}}}
{"type":"start-pipeless-text","loc":{"start":{"line":13,"column":9},"filename":"/cases/comments.pug","end":{"line":13,"column":9}}}
{"type":"text","val":"// inline follow","loc":{"start":{"line":14,"column":3},"filename":"/cases/comments.pug","end":{"line":14,"column":19}}}
{"type":"newline","loc":{"start":{"line":15,"column":1},"filename":"/cases/comments.pug","end":{"line":15,"column":3}}}
{"type":"text","val":"li three","loc":{"start":{"line":15,"column":3},"filename":"/cases/comments.pug","end":{"line":15,"column":11}}}
{"type":"newline","loc":{"start":{"line":16,"column":1},"filename":"/cases/comments.pug","end":{"line":16,"column":1}}}
{"type":"text","val":"","loc":{"start":{"line":16,"column":1},"filename":"/cases/comments.pug","end":{"line":16,"column":1}}}
{"type":"end-pipeless-text","loc":{"start":{"line":16,"column":1},"filename":"/cases/comments.pug","end":{"line":16,"column":1}}}
{"type":"newline","loc":{"start":{"line":17,"column":1},"filename":"/cases/comments.pug","end":{"line":17,"column":1}}}
{"type":"comment","val":" block","buffer":true,"loc":{"start":{"line":17,"column":1},"filename":"/cases/comments.pug","end":{"line":17,"column":9}}}
{"type":"start-pipeless-text","loc":{"start":{"line":17,"column":9},"filename":"/cases/comments.pug","end":{"line":17,"column":9}}}
{"type":"text","val":"// inline followed by tags","loc":{"start":{"line":18,"column":3},"filename":"/cases/comments.pug","end":{"line":18,"column":29}}}
{"type":"newline","loc":{"start":{"line":19,"column":1},"filename":"/cases/comments.pug","end":{"line":19,"column":3}}}
{"type":"text","val":"ul","loc":{"start":{"line":19,"column":3},"filename":"/cases/comments.pug","end":{"line":19,"column":5}}}
{"type":"newline","loc":{"start":{"line":20,"column":1},"filename":"/cases/comments.pug","end":{"line":20,"column":3}}}
{"type":"text","val":"  li four","loc":{"start":{"line":20,"column":3},"filename":"/cases/comments.pug","end":{"line":20,"column":12}}}
{"type":"newline","loc":{"start":{"line":21,"column":1},"filename":"/cases/comments.pug","end":{"line":21,"column":1}}}
{"type":"text","val":"","loc":{"start":{"line":21,"column":1},"filename":"/cases/comments.pug","end":{"line":21,"column":1}}}
{"type":"end-pipeless-text","loc":{"start":{"line":21,"column":1},"filename":"/cases/comments.pug","end":{"line":21,"column":1}}}
{"type":"newline","loc":{"start":{"line":22,"column":1},"filename":"/cases/comments.pug","end":{"line":22,"column":1}}}
{"type":"comment","val":"if IE lt 9","buffer":true,"loc":{"start":{"line":22,"column":1},"filename":"/cases/comments.pug","end":{"line":22,"column":13}}}
{"type":"start-pipeless-text","loc":{"start":{"line":22,"column":13},"filename":"/cases/comments.pug","end":{"line":22,"column":13}}}
{"type":"text","val":"// inline","loc":{"start":{"line":23,"column":3},"filename":"/cases/comments.pug","end":{"line":23,"column":12}}}
{"type":"newline","loc":{"start":{"line":24,"column":1},"filename":"/cases/comments.pug","end":{"line":24,"column":3}}}
{"type":"text","val":"script(src='/lame.js')","loc":{"start":{"line":24,"column":3},"filename":"/cases/comments.pug","end":{"line":24,"column":25}}}
{"type":"newline","loc":{"start":{"line":25,"column":1},"filename":"/cases/comments.pug","end":{"line":25,"column":3}}}
{"type":"text","val":"// end-inline","loc":{"start":{"line":25,"column":3},"filename":"/cases/comments.pug","end":{"line":25,"column":16}}}
{"type":"newline","loc":{"start":{"line":26,"column":1},"filename":"/cases/comments.pug","end":{"line":26,"column":1}}}
{"type":"text","val":"","loc":{"start":{"line":26,"column":1},"filename":"/cases/comments.pug","end":{"line":26,"column":1}}}
{"type":"end-pipeless-text","loc":{"start":{"line":26,"column":1},"filename":"/cases/comments.pug","end":{"line":26,"column":1}}}
{"type":"newline","loc":{"start":{"line":27,"column":1},"filename":"/cases/comments.pug","end":{"line":27,"column":1}}}
{"type":"tag","val":"p","loc":{"start":{"line":27,"column":1},"filename":"/cases/comments.pug","end":{"line":27,"column":2}}}
{"type":"text","val":"five","loc":{"start":{"line":27,"column":3},"filename":"/cases/comments.pug","end":{"line":27,"column":7}}}
{"type":"newline","loc":{"start":{"line":29,"column":1},"filename":"/cases/comments.pug","end":{"line":29,"column":1}}}
{"type":"class","val":"foo","loc":{"start":{"line":29,"column":1},"filename":"/cases/comments.pug","end":{"line":29,"column":5}}}
{"type":"text","val":"// not a comment","loc":{"start":{"line":29,"column":6},"filename":"/cases/comments.pug","end":{"line":29,"column":22}}}
{"type":"eos","loc":{"start":{"line":29,"column":22},"filename":"/cases/comments.pug","end":{"line":29,"column":22}}}