{"type":"doctype","val":"","loc":{"start":{"line":1,"column":1},"filename":"/cases/doctype.default.pug","end":{"line":0,"column":0}}}
{"type":"newline","loc":{"start":{"line":2,"column":1},"filename":"/cases/doctype.default.pug","end":{"line":0,"column":0}}}
{"type":"tag","val":"html","loc":{"start":{"line":2,"column":1},"filename":"/cases/doctype.default.pug","end":{"line":0,"column":0}}}
{"type":"indent","val":2,"loc":{"start":{"line":3,"column":1},"filename":"/cases/doctype.default.pug","end":{"line":0,"column":0}}}
{"type":"tag","val":"body","loc":{"start":{"line":3,"column":3},"filename":"/cases/doctype.default.pug","end":{"line":0,"column":0}}}
{"type":"indent","val":4,"loc":{"start":{"line":4,"column":1},"filename":"/cases/doctype.default.pug","end":{"line":0,"column":0}}}
{"type":"tag","val":"h1","loc":{"start":{"line":4,"column":5},"filename":"/cases/doctype.default.pug","end":{"line":0,"column":0}}}
{"type":"text","val":"Title","loc":{"start":{"line":4,"column":8},"filename":"/cases/doctype.default.pug","end":{"line":0,"column":0}}}
{"type":"outdent","loc":{"start":{"line":4,"column":13},"filename":"/cases/doctype.default.pug","end":{"line":0,"column":0}}}
{"type":"outdent","loc":{"start":{"line":4,"column":13},"filename":"/cases/doctype.default.pug","end":{"line":0,"column":0}}}
{"type":"eos","loc":{"start":{"line":4,"column":13},"filename":"/cases/doctype.default.pug","end":{"line":0,"column":0}}}