{"type":"tag","val":"script","loc":{"start":{"line":1,"column":1},"filename":"/cases/escape-chars.pug","end":{"line":1,"column":7}}}
{"type":"dot","loc":{"start":{"line":1,"column":7},"filename":"/cases/escape-chars.pug","end":{"line":1,"column":8}}}
{"type":"start-pipeless-text","loc":{"start":{"line":1,"column":8},"filename":"/cases/escape-chars.pug","end":{"line":1,"column":8}}}
{"type":"text","val":"var re = /\\d+/;","loc":{"start":{"line":2,"column":3},"filename":"/cases/escape-chars.pug","end":{"line":2,"column":18}}}
{"type":"end-pipeless-text","loc":{"start":{"line":2,"column":18},"filename":"/cases/escape-chars.pug","end":{"line":2,"column":18}}}
{"type":"eos","loc":{"start":{"line":2,"column":18},"filename":"/cases/escape-chars.pug","end":{"line":2,"column":18}}}