{"type":"include","loc":{"start":{"line":1,"column":1},"filename":"/cases/filter-in-include.pug","end":{"line":1,"column":8}}}
{"type":"path","val":"./auxiliary/filter-in-include.pug","loc":{"start":{"line":1,"column":9},"filename":"/cases/filter-in-include.pug","end":{"line":1,"column":42}}}
{"type":"newline","loc":{"start":{"line":2,"column":1},"filename":"/cases/filter-in-include.pug","end":{"line":2,"column":1}}}
{"type":"eos","loc":{"start":{"line":2,"column":1},"filename":"/cases/filter-in-include.pug","end":{"line":2,"column":1}}}