{"type":"tag","val":"p","loc":{"start":{"line":1,"column":1},"filename":"/cases/filters.inline.pug","end":{"line":1,"column":2}}}
{"type":"text","val":"before ","loc":{"start":{"line":1,"column":3},"filename":"/cases/filters.inline.pug","end":{"line":1,"column":10}}}
{"type":"start-pug-interpolation","loc":{"start":{"line":1,"column":10},"filename":"/cases/filters.inline.pug","end":{"line":1,"column":12}}}
{"type":"filter","val":"cdata","loc":{"start":{"line":1,"column":12},"filename":"/cases/filters.inline.pug","end":{"line":1,"column":18}}}
{"type":"text","val":"inside","loc":{"start":{"line":1,"column":19},"filename":"/cases/filters.inline.pug","end":{"line":1,"column":25}}}
{"type":"end-pug-interpolation","loc":{"start":{"line":1,"column":25},"filename":"/cases/filters.inline.pug","end":{"line":1,"column":26}}}
{"type":"text","val":" after","loc":{"start":{"line":1,"column":26},"filename":"/cases/filters.inline.pug","end":{"line":1,"column":32}}}
{"type":"eos","loc":{"start":{"line":1,"column":32},"filename":"/cases/filters.inline.pug","end":{"line":1,"column":32}}}