{"type":"tag","val":"script","loc":{"start":{"line":1,"column":1},"filename":"/cases/filters.coffeescript.pug","end":{"line":1,"column":7}}}
{"type":"start-attributes","loc":{"start":{"line":1,"column":7},"filename":"/cases/filters.coffeescript.pug","end":{"line":1,"column":8}}}
{"type":"attribute","name":"type","val":"'text/javascript'","mustEscape":true,"loc":{"start":{"line":1,"column":8},"filename":"/cases/filters.coffeescript.pug","end":{"line":1,"column":30}}}
{"type":"end-attributes","loc":{"start":{"line":1,"column":30},"filename":"/cases/filters.coffeescript.pug","end":{"line":1,"column":31}}}
{"type":"indent","val":2,"loc":{"start":{"line":2,"column":1},"filename":"/cases/filters.coffeescript.pug","end":{"line":2,"column":3}}}
{"type":"filter","val":"coffee-script","loc":{"start":{"line":2,"column":3},"filename":"/cases/filters.coffeescript.pug","end":{"line":2,"column":17}}}
{"type":"start-pipeless-text","loc":{"start":{"line":2,"column":17},"filename":"/cases/filters.coffeescript.pug","end":{"line":2,"column":17}}}
{"type":"text","val":"regexp = /\\n/","loc":{"start":{"line":3,"column":5},"filename":"/cases/filters.coffeescript.pug","end":{"line":3,"column":18}}}
{"type":"end-pipeless-text","loc":{"start":{"line":3,"column":18},"filename":"/cases/filters.coffeescript.pug","end":{"line":3,"column":18}}}
{"type":"newline","loc":{"start":{"line":4,"column":1},"filename":"/cases/filters.coffeescript.pug","end":{"line":4,"column":3}}}
{"type":"filter","val":"coffee-script","loc":{"start":{"line":4,"column":3},"filename":"/cases/filters.coffeescript.pug","end":{"line":4,"column":17}}}
{"type":"start-attributes","loc":{"start":{"line":4,"column":17},"filename":"/cases/filters.coffeescript.pug","end":{"line":4,"column":18}}}
{"type":"attribute","name":"minify","val":"true","mustEscape":true,"loc":{"start":{"line":4,"column":18},"filename":"/cases/filters.coffeescript.pug","end":{"line":4,"column":29}}}
{"type":"end-attributes","loc":{"start":{"line":4,"column":29},"filename":"/cases/filters.coffeescript.pug","end":{"line":4,"column":30}}}
{"type":"start-pipeless-text","loc":{"start":{"line":4,"column":30},"filename":"/cases/filters.coffeescript.pug","end":{"line":4,"column":30}}}
{"type":"text","val":"math =","loc":{"start":{"line":5,"column":5},"filename":"/cases/filters.coffeescript.pug","end":{"line":5,"column":11}}}
{"type":"newline","loc":{"start":{"line":6,"column":1},"filename":"/cases/filters.coffeescript.pug","end":{"line":6,"column":5}}}
{"type":"text","val":"  square: (value) -> value * value","loc":{"start":{"line":6,"column":5},"filename":"/cases/filters.coffeescript.pug","end":{"line":6,"column":39}}}
{"type":"end-pipeless-text","loc":{"start":{"line":6,"column":39},"filename":"/cases/filters.coffeescript.pug","end":{"line":6,"column":39}}}
{"type":"outdent","loc":{"start":{"line":6,"column":39},"filename":"/cases/filters.coffeescript.pug","end":{"line":6,"column":39}}}
{"type":"eos","loc":{"start":{"line":6,"column":39},"filename":"/cases/filters.coffeescript.pug","end":{"line":6,"column":39}}}