{"type":"tag","val":"html","loc":{"start":{"line":1,"column":1},"filename":"/cases/filters.include.pug","end":{"line":1,"column":5}}}
{"type":"indent","val":2,"loc":{"start":{"line":2,"column":1},"filename":"/cases/filters.include.pug","end":{"line":2,"column":3}}}
{"type":"tag","val":"body","loc":{"start":{"line":2,"column":3},"filename":"/cases/filters.include.pug","end":{"line":2,"column":7}}}
{"type":"indent","val":4,"loc":{"start":{"line":3,"column":1},"filename":"/cases/filters.include.pug","end":{"line":3,"column":5}}}
{"type":"include","loc":{"start":{"line":3,"column":5},"filename":"/cases/filters.include.pug","end":{"line":3,"column":12}}}
{"type":"filter","val":"markdown-it","loc":{"start":{"line":3,"column":12},"filename":"/cases/filters.include.pug","end":{"line":3,"column":24}}}
{"type":"path","val":"some.md","loc":{"start":{"line":3,"column":25},"filename":"/cases/filters.include.pug","end":{"line":3,"column":32}}}
{"type":"newline","loc":{"start":{"line":4,"column":1},"filename":"/cases/filters.include.pug","end":{"line":4,"column":5}}}
{"type":"tag","val":"script","loc":{"start":{"line":4,"column":5},"filename":"/cases/filters.include.pug","end":{"line":4,"column":11}}}
{"type":"indent","val":6,"loc":{"start":{"line":5,"column":1},"filename":"/cases/filters.include.pug","end":{"line":5,"column":7}}}
{"type":"include","loc":{"start":{"line":5,"column":7},"filename":"/cases/filters.include.pug","end":{"line":5,"column":14}}}
{"type":"filter","val":"coffee-script","loc":{"start":{"line":5,"column":14},"filename":"/cases/filters.include.pug","end":{"line":5,"column":28}}}
{"type":"start-attributes","loc":{"start":{"line":5,"column":28},"filename":"/cases/filters.include.pug","end":{"line":5,"column":29}}}
{"type":"attribute","name":"minify","val":"true","mustEscape":true,"loc":{"start":{"line":5,"column":29},"filename":"/cases/filters.include.pug","end":{"line":5,"column":40}}}
{"type":"end-attributes","loc":{"start":{"line":5,"column":40},"filename":"/cases/filters.include.pug","end":{"line":5,"column":41}}}
{"type":"path","val":"include-filter-coffee.coffee","loc":{"start":{"line":5,"column":42},"filename":"/cases/filters.include.pug","end":{"line":5,"column":70}}}
{"type":"outdent","loc":{"start":{"line":6,"column":1},"filename":"/cases/filters.include.pug","end":{"line":6,"column":5}}}
{"type":"tag","val":"script","loc":{"start":{"line":6,"column":5},"filename":"/cases/filters.include.pug","end":{"line":6,"column":11}}}
{"type":"indent","val":6,"loc":{"start":{"line":7,"column":1},"filename":"/cases/filters.include.pug","end":{"line":7,"column":7}}}
{"type":"include","loc":{"start":{"line":7,"column":7},"filename":"/cases/filters.include.pug","end":{"line":7,"column":14}}}
{"type":"filter","val":"coffee-script","loc":{"start":{"line":7,"column":14},"filename":"/cases/filters.include.pug","end":{"line":7,"column":28}}}
{"type":"start-attributes","loc":{"start":{"line":7,"column":28},"filename":"/cases/filters.include.pug","end":{"line":7,"column":29}}}
{"type":"attribute","name":"minify","val":"false","mustEscape":true,"loc":{"start":{"line":7,"column":29},"filename":"/cases/filters.include.pug","end":{"line":7,"column":41}}}
{"type":"end-attributes","loc":{"start":{"line":7,"column":41},"filename":"/cases/filters.include.pug","end":{"line":7,"column":42}}}
{"type":"path","val":"include-filter-coffee.coffee","loc":{"start":{"line":7,"column":43},"filename":"/cases/filters.include.pug","end":{"line":7,"column":71}}}
{"type":"outdent","loc":{"start":{"line":8,"column":1},"filename":"/cases/filters.include.pug","end":{"line":8,"column":1}}}
{"type":"outdent","loc":{"start":{"line":8,"column":1},"filename":"/cases/filters.include.pug","end":{"line":8,"column":1}}}
{"type":"outdent","loc":{"start":{"line":8,"column":1},"filename":"/cases/filters.include.pug","end":{"line":8,"column":1}}}
{"type":"eos","loc":{"start":{"line":8,"column":1},"filename":"/cases/filters.include.pug","end":{"line":8,"column":1}}}