{"type":"tag","val":"html","loc":{"start":{"line":1,"column":1},"filename":"/cases/filters.markdown.pug","end":{"line":1,"column":5}}}
{"type":"indent","val":2,"loc":{"start":{"line":2,"column":1},"filename":"/cases/filters.markdown.pug","end":{"line":2,"column":3}}}
{"type":"tag","val":"body","loc":{"start":{"line":2,"column":3},"filename":"/cases/filters.markdown.pug","end":{"line":2,"column":7}}}
{"type":"indent","val":4,"loc":{"start":{"line":3,"column":1},"filename":"/cases/filters.markdown.pug","end":{"line":3,"column":5}}}
{"type":"filter","val":"markdown-it","loc":{"start":{"line":3,"column":5},"filename":"/cases/filters.markdown.pug","end":{"line":3,"column":17}}}
{"type":"start-pipeless-text","loc":{"start":{"line":3,"column":17},"filename":"/cases/filters.markdown.pug","end":{"line":3,"column":17}}}
{"type":"text","val":"This is _some_ awesome **markdown**","loc":{"start":{"line":4,"column":7},"filename":"/cases/filters.markdown.pug","end":{"line":4,"column":42}}}
{"type":"newline","loc":{"start":{"line":5,"column":1},"filename":"/cases/filters.markdown.pug","end":{"line":5,"column":7}}}
{"type":"text","val":"whoop.","loc":{"start":{"line":5,"column":7},"filename":"/cases/filters.markdown.pug","end":{"line":5,"column":13}}}
{"type":"end-pipeless-text","loc":{"start":{"line":5,"column":13},"filename":"/cases/filters.markdown.pug","end":{"line":5,"column":13}}}
{"type":"outdent","loc":{"start":{"line":5,"column":13},"filename":"/cases/filters.markdown.pug","end":{"line":5,"column":13}}}
{"type":"outdent","loc":{"start":{"line":5,"column":13},"filename":"/cases/filters.markdown.pug","end":{"line":5,"column":13}}}
{"type":"eos","loc":{"start":{"line":5,"column":13},"filename":"/cases/filters.markdown.pug","end":{"line":5,"column":13}}}