{"type":"doctype","val":"html","loc":{"start":{"line":1,"column":1},"filename":"/cases/html5.pug","end":{"line":1,"column":13}}}
{"type":"newline","loc":{"start":{"line":2,"column":1},"filename":"/cases/html5.pug","end":{"line":2,"column":1}}}
{"type":"tag","val":"input","loc":{"start":{"line":2,"column":1},"filename":"/cases/html5.pug","end":{"line":2,"column":6}}}
{"type":"start-attributes","loc":{"start":{"line":2,"column":6},"filename":"/cases/html5.pug","end":{"line":2,"column":7}}}
{"type":"attribute","name":"type","val":"'checkbox'","mustEscape":true,"loc":{"start":{"line":2,"column":7},"filename":"/cases/html5.pug","end":{"line":2,"column":22}}}
{"type":"attribute","name":"checked","val":true,"mustEscape":true,"loc":{"start":{"line":2,"column":24},"filename":"/cases/html5.pug","end":{"line":2,"column":31}}}
{"type":"end-attributes","loc":{"start":{"line":2,"column":31},"filename":"/cases/html5.pug","end":{"line":2,"column":32}}}
{"type":"newline","loc":{"start":{"line":3,"column":1},"filename":"/cases/html5.pug","end":{"line":3,"column":1}}}
{"type":"tag","val":"input","loc":{"start":{"line":3,"column":1},"filename":"/cases/html5.pug","end":{"line":3,"column":6}}}
{"type":"start-attributes","loc":{"start":{"line":3,"column":6},"filename":"/cases/html5.pug","end":{"line":3,"column":7}}}
{"type":"attribute","name":"type","val":"'checkbox'","mustEscape":true,"loc":{"start":{"line":3,"column":7},"filename":"/cases/html5.pug","end":{"line":3,"column":22}}}
{"type":"attribute","name":"checked","val":"true","mustEscape":true,"loc":{"start":{"line":3,"column":24},"filename":"/cases/html5.pug","end":{"line":3,"column":36}}}
{"type":"end-attributes","loc":{"start":{"line":3,"column":36},"filename":"/cases/html5.pug","end":{"line":3,"column":37}}}
{"type":"newline","loc":{"start":{"line":4,"column":1},"filename":"/cases/html5.pug","end":{"line":4,"column":1}}}
{"type":"tag","val":"input","loc":{"start":{"line":4,"column":1},"filename":"/cases/html5.pug","end":{"line":4,"column":6}}}
{"type":"start-attributes","loc":{"start":{"line":4,"column":6},"filename":"/cases/html5.pug","end":{"line":4,"column":7}}}
{"type":"attribute","name":"type","val":"'checkbox'","mustEscape":true,"loc":{"start":{"line":4,"column":7},"filename":"/cases/html5.pug","end":{"line":4,"column":22}}}
{"type":"attribute","name":"checked","val":"false","mustEscape":true,"loc":{"start":{"line":4,"column":24},"filename":"/cases/html5.pug","end":{"line":4,"column":37}}}
{"type":"end-attributes","loc":{"start":{"line":4,"column":37},"filename":"/cases/html5.pug","end":{"line":4,"column":38}}}
{"type":"eos","loc":{"start":{"line":4,"column":38},"filename":"/cases/html5.pug","end":{"line":4,"column":38}}}