{"type":"text","val":"The message is \"","loc":{"start":{"line":1,"column":3},"filename":"/cases/include-only-text-body.pug","end":{"line":0,"column":0}}}
{"type":"newline","loc":{"start":{"line":2,"column":1},"filename":"/cases/include-only-text-body.pug","end":{"line":0,"column":0}}}
{"type":"yield","loc":{"start":{"line":2,"column":1},"filename":"/cases/include-only-text-body.pug","end":{"line":0,"column":0}}}
{"type":"newline","loc":{"start":{"line":3,"column":1},"filename":"/cases/include-only-text-body.pug","end":{"line":0,"column":0}}}
{"type":"text","val":"\"","loc":{"start":{"line":3,"column":3},"filename":"/cases/include-only-text-body.pug","end":{"line":0,"column":0}}}
{"type":"newline","loc":{"start":{"line":4,"column":1},"filename":"/cases/include-only-text-body.pug","end":{"line":0,"column":0}}}
{"type":"eos","loc":{"start":{"line":4,"column":1},"filename":"/cases/include-only-text-body.pug","end":{"line":0,"column":0}}}