{"type":"newline","loc":{"start":{"line":2,"column":1},"filename":"/cases/includes.pug","end":{"line":2,"column":1}}}
{"type":"include","loc":{"start":{"line":2,"column":1},"filename":"/cases/includes.pug","end":{"line":2,"column":8}}}
{"type":"path","val":"auxiliary/mixins.pug","loc":{"start":{"line":2,"column":9},"filename":"/cases/includes.pug","end":{"line":2,"column":29}}}
{"type":"newline","loc":{"start":{"line":4,"column":1},"filename":"/cases/includes.pug","end":{"line":4,"column":1}}}
{"type":"call","val":"foo","args":null,"loc":{"start":{"line":4,"column":1},"filename":"/cases/includes.pug","end":{"line":4,"column":5}}}
{"type":"newline","loc":{"start":{"line":6,"column":1},"filename":"/cases/includes.pug","end":{"line":6,"column":1}}}
{"type":"tag","val":"body","loc":{"start":{"line":6,"column":1},"filename":"/cases/includes.pug","end":{"line":6,"column":5}}}
{"type":"indent","val":2,"loc":{"start":{"line":7,"column":1},"filename":"/cases/includes.pug","end":{"line":7,"column":3}}}
{"type":"include","loc":{"start":{"line":7,"column":3},"filename":"/cases/includes.pug","end":{"line":7,"column":10}}}
{"type":"path","val":"auxiliary/smile.html","loc":{"start":{"line":7,"column":11},"filename":"/cases/includes.pug","end":{"line":7,"column":31}}}
{"type":"newline","loc":{"start":{"line":8,"column":1},"filename":"/cases/includes.pug","end":{"line":8,"column":3}}}
{"type":"include","loc":{"start":{"line":8,"column":3},"filename":"/cases/includes.pug","end":{"line":8,"column":10}}}
{"type":"path","val":"auxiliary/escapes.html","loc":{"start":{"line":8,"column":11},"filename":"/cases/includes.pug","end":{"line":8,"column":33}}}
{"type":"newline","loc":{"start":{"line":9,"column":1},"filename":"/cases/includes.pug","end":{"line":9,"column":3}}}
{"type":"tag","val":"script","loc":{"start":{"line":9,"column":3},"filename":"/cases/includes.pug","end":{"line":9,"column":9}}}
{"type":"start-attributes","loc":{"start":{"line":9,"column":9},"filename":"/cases/includes.pug","end":{"line":9,"column":10}}}
{"type":"attribute","name":"type","val":"\"text/javascript\"","mustEscape":true,"loc":{"start":{"line":9,"column":10},"filename":"/cases/includes.pug","end":{"line":9,"column":32}}}
{"type":"end-attributes","loc":{"start":{"line":9,"column":32},"filename":"/cases/includes.pug","end":{"line":9,"column":33}}}
{"type":"indent","val":4,"loc":{"start":{"line":10,"column":1},"filename":"/cases/includes.pug","end":{"line":10,"column":5}}}
{"type":"include","loc":{"start":{"line":10,"column":5},"filename":"/cases/includes.pug","end":{"line":10,"column":12}}}
{"type":"filter","val":"verbatim","loc":{"start":{"line":10,"column":12},"filename":"/cases/includes.pug","end":{"line":10,"column":21}}}
{"type":"path","val":"auxiliary/includable.js","loc":{"start":{"line":10,"column":22},"filename":"/cases/includes.pug","end":{"line":10,"column":45}}}
{"type":"outdent","loc":{"start":{"line":11,"column":1},"filename":"/cases/includes.pug","end":{"line":11,"column":1}}}
{"type":"outdent","loc":{"start":{"line":11,"column":1},"filename":"/cases/includes.pug","end":{"line":11,"column":1}}}
{"type":"eos","loc":{"start":{"line":11,"column":1},"filename":"/cases/includes.pug","end":{"line":11,"column":1}}}