{"type":"newline","loc":{"start":{"line":2,"column":1},"filename":"/cases/inheritance.extend.mixins.pug","end":{"line":2,"column":1}}}
{"type":"extends","loc":{"start":{"line":2,"column":1},"filename":"/cases/inheritance.extend.mixins.pug","end":{"line":2,"column":7}}}
{"type":"path","val":"auxiliary/layout.pug","loc":{"start":{"line":2,"column":8},"filename":"/cases/inheritance.extend.mixins.pug","end":{"line":2,"column":28}}}
{"type":"newline","loc":{"start":{"line":4,"column":1},"filename":"/cases/inheritance.extend.mixins.pug","end":{"line":4,"column":1}}}
{"type":"mixin","val":"article","args":"title","loc":{"start":{"line":4,"column":1},"filename":"/cases/inheritance.extend.mixins.pug","end":{"line":4,"column":21}}}
{"type":"indent","val":2,"loc":{"start":{"line":5,"column":1},"filename":"/cases/inheritance.extend.mixins.pug","end":{"line":5,"column":3}}}
{"type":"if","val":"title","loc":{"start":{"line":5,"column":3},"filename":"/cases/inheritance.extend.mixins.pug","end":{"line":5,"column":11}}}
{"type":"indent","val":4,"loc":{"start":{"line":6,"column":1},"filename":"/cases/inheritance.extend.mixins.pug","end":{"line":6,"column":5}}}
{"type":"tag","val":"h1","loc":{"start":{"line":6,"column":5},"filename":"/cases/inheritance.extend.mixins.pug","end":{"line":6,"column":7}}}
{"type":"code","val":"title","mustEscape":true,"buffer":true,"loc":{"start":{"line":6,"column":7},"filename":"/cases/inheritance.extend.mixins.pug","end":{"line":6,"column":14}}}
{"type":"outdent","loc":{"start":{"line":7,"column":1},"filename":"/cases/inheritance.extend.mixins.pug","end":{"line":7,"column":3}}}
{"type":"mixin-block","loc":{"start":{"line":7,"column":3},"filename":"/cases/inheritance.extend.mixins.pug","end":{"line":7,"column":8}}}
{"type":"outdent","loc":{"start":{"line":9,"column":1},"filename":"/cases/inheritance.extend.mixins.pug","end":{"line":9,"column":1}}}
{"type":"block","val":"content","mode":"replace","loc":{"start":{"line":9,"column":1},"filename":"/cases/inheritance.extend.mixins.pug","end":{"line":9,"column":14}}}
{"type":"indent","val":2,"loc":{"start":{"line":10,"column":1},"filename":"/cases/inheritance.extend.mixins.pug","end":{"line":10,"column":3}}}
{"type":"call","val":"article","args":"\"The meaning of life\"","loc":{"start":{"line":10,"column":3},"filename":"/cases/inheritance.extend.mixins.pug","end":{"line":10,"column":34}}}
{"type":"indent","val":4,"loc":{"start":{"line":11,"column":1},"filename":"/cases/inheritance.extend.mixins.pug","end":{"line":11,"column":5}}}
{"type":"tag","val":"p","loc":{"start":{"line":11,"column":5},"filename":"/cases/inheritance.extend.mixins.pug","end":{"line":11,"column":6}}}
{"type":"text","val":"Foo bar baz!","loc":{"start":{"line":11,"column":7},"filename":"/cases/inheritance.extend.mixins.pug","end":{"line":11,"column":19}}}
{"type":"outdent","loc":{"start":{"line":12,"column":1},"filename":"/cases/inheritance.extend.mixins.pug","end":{"line":12,"column":1}}}
{"type":"outdent","loc":{"start":{"line":12,"column":1},"filename":"/cases/inheritance.extend.mixins.pug","end":{"line":12,"column":1}}}
{"type":"eos","loc":{"start":{"line":12,"column":1},"filename":"/cases/inheritance.extend.mixins.pug","end":{"line":12,"column":1}}}