{"type":"newline","loc":{"start":{"line":2,"column":1},"filename":"/cases/inheritance.extend.whitespace.pug","end":{"line":2,"column":1}}}
{"type":"extends","loc":{"start":{"line":2,"column":1},"filename":"/cases/inheritance.extend.whitespace.pug","end":{"line":2,"column":7}}}
{"type":"path","val":"auxiliary/layout.pug","loc":{"start":{"line":2,"column":8},"filename":"/cases/inheritance.extend.whitespace.pug","end":{"line":2,"column":28}}}
{"type":"newline","loc":{"start":{"line":4,"column":1},"filename":"/cases/inheritance.extend.whitespace.pug","end":{"line":4,"column":1}}}
{"type":"block","val":"head","mode":"replace","loc":{"start":{"line":4,"column":1},"filename":"/cases/inheritance.extend.whitespace.pug","end":{"line":4,"column":11}}}
{"type":"indent","val":2,"loc":{"start":{"line":6,"column":1},"filename":"/cases/inheritance.extend.whitespace.pug","end":{"line":6,"column":3}}}
{"type":"tag","val":"script","loc":{"start":{"line":6,"column":3},"filename":"/cases/inheritance.extend.whitespace.pug","end":{"line":6,"column":9}}}
{"type":"start-attributes","loc":{"start":{"line":6,"column":9},"filename":"/cases/inheritance.extend.whitespace.pug","end":{"line":6,"column":10}}}
{"type":"attribute","name":"src","val":"'jquery.js'","mustEscape":true,"loc":{"start":{"line":6,"column":10},"filename":"/cases/inheritance.extend.whitespace.pug","end":{"line":6,"column":25}}}
{"type":"end-attributes","loc":{"start":{"line":6,"column":25},"filename":"/cases/inheritance.extend.whitespace.pug","end":{"line":6,"column":26}}}
{"type":"outdent","loc":{"start":{"line":8,"column":1},"filename":"/cases/inheritance.extend.whitespace.pug","end":{"line":8,"column":1}}}
{"type":"block","val":"content","mode":"replace","loc":{"start":{"line":8,"column":1},"filename":"/cases/inheritance.extend.whitespace.pug","end":{"line":8,"column":14}}}
{"type":"indent","val":2,"loc":{"start":{"line":12,"column":1},"filename":"/cases/inheritance.extend.whitespace.pug","end":{"line":12,"column":3}}}
{"type":"tag","val":"h2","loc":{"start":{"line":12,"column":3},"filename":"/cases/inheritance.extend.whitespace.pug","end":{"line":12,"column":5}}}
{"type":"text","val":"Page","loc":{"start":{"line":12,"column":6},"filename":"/cases/inheritance.extend.whitespace.pug","end":{"line":12,"column":10}}}
{"type":"newline","loc":{"start":{"line":13,"column":1},"filename":"/cases/inheritance.extend.whitespace.pug","end":{"line":13,"column":3}}}
{"type":"tag","val":"p","loc":{"start":{"line":13,"column":3},"filename":"/cases/inheritance.extend.whitespace.pug","end":{"line":13,"column":4}}}
{"type":"text","val":"Some content","loc":{"start":{"line":13,"column":5},"filename":"/cases/inheritance.extend.whitespace.pug","end":{"line":13,"column":17}}}
{"type":"outdent","loc":{"start":{"line":14,"column":1},"filename":"/cases/inheritance.extend.whitespace.pug","end":{"line":14,"column":1}}}
{"type":"eos","loc":{"start":{"line":14,"column":1},"filename":"/cases/inheritance.extend.whitespace.pug","end":{"line":14,"column":1}}}