{"type":"block","val":"content","mode":"replace","loc":{"start":{"line":1,"column":1},"filename":"/cases/inline-block-comment.pug","end":{"line":0,"column":0}}}
{"type":"comment","val":" Main content goes here","buffer":true,"loc":{"start":{"line":1,"column":1},"filename":"/cases/inline-block-comment.pug","end":{"line":0,"column":0}}}
{"type":"newline","loc":{"start":{"line":2,"column":1},"filename":"/cases/inline-block-comment.pug","end":{"line":0,"column":0}}}
{"type":"block","val":"content","mode":"append","loc":{"start":{"line":2,"column":1},"filename":"/cases/inline-block-comment.pug","end":{"line":0,"column":0}}}
{"type":"comment","val":" adding something to content","buffer":true,"loc":{"start":{"line":2,"column":1},"filename":"/cases/inline-block-comment.pug","end":{"line":0,"column":0}}}
{"type":"newline","loc":{"start":{"line":3,"column":1},"filename":"/cases/inline-block-comment.pug","end":{"line":0,"column":0}}}
{"type":"block","val":"content","mode":"prepend","loc":{"start":{"line":3,"column":1},"filename":"/cases/inline-block-comment.pug","end":{"line":0,"column":0}}}
{"type":"comment","val":" adding something to other end of content","buffer":true,"loc":{"start":{"line":3,"column":1},"filename":"/cases/inline-block-comment.pug","end":{"line":0,"column":0}}}
{"type":"newline","loc":{"start":{"line":4,"column":1},"filename":"/cases/inline-block-comment.pug","end":{"line":0,"column":0}}}
{"type":"eos","loc":{"start":{"line":4,"column":1},"filename":"/cases/inline-block-comment.pug","end":{"line":0,"column":0}}}