{"type":"newline","loc":{"start":{"line":2,"column":1},"filename":"/cases/interpolation.escape.pug","end":{"line":2,"column":1}}}
{"type":"code","val":"var id = 42;","mustEscape":false,"buffer":false,"loc":{"start":{"line":2,"column":1},"filename":"/cases/interpolation.escape.pug","end":{"line":2,"column":15}}}
{"type":"newline","loc":{"start":{"line":3,"column":1},"filename":"/cases/interpolation.escape.pug","end":{"line":3,"column":1}}}
{"type":"tag","val":"foo","loc":{"start":{"line":3,"column":1},"filename":"/cases/interpolation.escape.pug","end":{"line":3,"column":4}}}
{"type":"indent","val":2,"loc":{"start":{"line":4,"column":1},"filename":"/cases/interpolation.escape.pug","end":{"line":4,"column":3}}}
{"type":"text","val":"some","loc":{"start":{"line":4,"column":5},"filename":"/cases/interpolation.escape.pug","end":{"line":4,"column":9}}}
{"type":"newline","loc":{"start":{"line":5,"column":1},"filename":"/cases/interpolation.escape.pug","end":{"line":5,"column":3}}}
{"type":"text","val":"#{text}","loc":{"start":{"line":5,"column":5},"filename":"/cases/interpolation.escape.pug","end":{"line":5,"column":13}}}
{"type":"newline","loc":{"start":{"line":6,"column":1},"filename":"/cases/interpolation.escape.pug","end":{"line":6,"column":3}}}
{"type":"text","val":"here","loc":{"start":{"line":6,"column":5},"filename":"/cases/interpolation.escape.pug","end":{"line":6,"column":9}}}
{"type":"newline","loc":{"start":{"line":7,"column":1},"filename":"/cases/interpolation.escape.pug","end":{"line":7,"column":3}}}
{"type":"text","val":"My ID ","loc":{"start":{"line":7,"column":5},"filename":"/cases/interpolation.escape.pug","end":{"line":7,"column":11}}}
{"type":"interpolated-code","val":"\"is {\" + id + \"}\"","mustEscape":true,"buffer":true,"loc":{"start":{"line":7,"column":11},"filename":"/cases/interpolation.escape.pug","end":{"line":7,"column":31}}}
{"type":"outdent","loc":{"start":{"line":7,"column":31},"filename":"/cases/interpolation.escape.pug","end":{"line":7,"column":31}}}
{"type":"eos","loc":{"start":{"line":7,"column":31},"filename":"/cases/interpolation.escape.pug","end":{"line":7,"column":31}}}