{"type":"mixin","val":"linkit","args":"url","loc":{"start":{"line":1,"column":1},"filename":"/cases/interpolated-mixin.pug","end":{"line":1,"column":18}}}
{"type":"indent","val":2,"loc":{"start":{"line":2,"column":1},"filename":"/cases/interpolated-mixin.pug","end":{"line":2,"column":3}}}
{"type":"tag","val":"a","loc":{"start":{"line":2,"column":3},"filename":"/cases/interpolated-mixin.pug","end":{"line":2,"column":4}}}
{"type":"start-attributes","loc":{"start":{"line":2,"column":4},"filename":"/cases/interpolated-mixin.pug","end":{"line":2,"column":5}}}
{"type":"attribute","name":"href","val":"url","mustEscape":true,"loc":{"start":{"line":2,"column":5},"filename":"/cases/interpolated-mixin.pug","end":{"line":2,"column":13}}}
{"type":"end-attributes","loc":{"start":{"line":2,"column":13},"filename":"/cases/interpolated-mixin.pug","end":{"line":2,"column":14}}}
{"type":"code","val":"url","mustEscape":true,"buffer":true,"loc":{"start":{"line":2,"column":14},"filename":"/cases/interpolated-mixin.pug","end":{"line":2,"column":19}}}
{"type":"outdent","loc":{"start":{"line":4,"column":1},"filename":"/cases/interpolated-mixin.pug","end":{"line":4,"column":1}}}
{"type":"tag","val":"p","loc":{"start":{"line":4,"column":1},"filename":"/cases/interpolated-mixin.pug","end":{"line":4,"column":2}}}
{"type":"text","val":"This also works ","loc":{"start":{"line":4,"column":3},"filename":"/cases/interpolated-mixin.pug","end":{"line":4,"column":19}}}
{"type":"start-pug-interpolation","loc":{"start":{"line":4,"column":19},"filename":"/cases/interpolated-mixin.pug","end":{"line":4,"column":21}}}
{"type":"call","val":"linkit","args":"'http://www.bing.com'","loc":{"start":{"line":4,"column":21},"filename":"/cases/interpolated-mixin.pug","end":{"line":4,"column":51}}}
{"type":"end-pug-interpolation","loc":{"start":{"line":4,"column":51},"filename":"/cases/interpolated-mixin.pug","end":{"line":4,"column":52}}}
{"type":"text","val":" so hurrah for Pug","loc":{"start":{"line":4,"column":52},"filename":"/cases/interpolated-mixin.pug","end":{"line":4,"column":70}}}
{"type":"eos","loc":{"start":{"line":4,"column":70},"filename":"/cases/interpolated-mixin.pug","end":{"line":4,"column":70}}}