{"type":"newline","loc":{"start":{"line":2,"column":1},"filename":"/cases/mixin-hoist.pug","end":{"line":2,"column":1}}}
{"type":"mixin","val":"foo","args":null,"loc":{"start":{"line":2,"column":1},"filename":"/cases/mixin-hoist.pug","end":{"line":2,"column":12}}}
{"type":"indent","val":2,"loc":{"start":{"line":3,"column":1},"filename":"/cases/mixin-hoist.pug","end":{"line":3,"column":3}}}
{"type":"tag","val":"h1","loc":{"start":{"line":3,"column":3},"filename":"/cases/mixin-hoist.pug","end":{"line":3,"column":5}}}
{"type":"code","val":"title","mustEscape":true,"buffer":true,"loc":{"start":{"line":3,"column":5},"filename":"/cases/mixin-hoist.pug","end":{"line":3,"column":12}}}
{"type":"outdent","loc":{"start":{"line":5,"column":1},"filename":"/cases/mixin-hoist.pug","end":{"line":5,"column":1}}}
{"type":"tag","val":"html","loc":{"start":{"line":5,"column":1},"filename":"/cases/mixin-hoist.pug","end":{"line":5,"column":5}}}
{"type":"indent","val":2,"loc":{"start":{"line":6,"column":1},"filename":"/cases/mixin-hoist.pug","end":{"line":6,"column":3}}}
{"type":"tag","val":"body","loc":{"start":{"line":6,"column":3},"filename":"/cases/mixin-hoist.pug","end":{"line":6,"column":7}}}
{"type":"indent","val":4,"loc":{"start":{"line":7,"column":1},"filename":"/cases/mixin-hoist.pug","end":{"line":7,"column":5}}}
{"type":"call","val":"foo","args":null,"loc":{"start":{"line":7,"column":5},"filename":"/cases/mixin-hoist.pug","end":{"line":7,"column":9}}}
{"type":"outdent","loc":{"start":{"line":8,"column":1},"filename":"/cases/mixin-hoist.pug","end":{"line":8,"column":1}}}
{"type":"outdent","loc":{"start":{"line":8,"column":1},"filename":"/cases/mixin-hoist.pug","end":{"line":8,"column":1}}}
{"type":"eos","loc":{"start":{"line":8,"column":1},"filename":"/cases/mixin-hoist.pug","end":{"line":8,"column":1}}}