{"type":"newline","loc":{"start":{"line":3,"column":1},"filename":"/cases/mixin.blocks.pug","end":{"line":3,"column":1}}}
{"type":"mixin","val":"form","args":"method, action","loc":{"start":{"line":3,"column":1},"filename":"/cases/mixin.blocks.pug","end":{"line":3,"column":27}}}
{"type":"indent","val":2,"loc":{"start":{"line":4,"column":1},"filename":"/cases/mixin.blocks.pug","end":{"line":4,"column":3}}}
{"type":"tag","val":"form","loc":{"start":{"line":4,"column":3},"filename":"/cases/mixin.blocks.pug","end":{"line":4,"column":7}}}
{"type":"start-attributes","loc":{"start":{"line":4,"column":7},"filename":"/cases/mixin.blocks.pug","end":{"line":4,"column":8}}}
{"type":"attribute","name":"method","val":"method","mustEscape":true,"loc":{"start":{"line":4,"column":8},"filename":"/cases/mixin.blocks.pug","end":{"line":4,"column":21}}}
{"type":"attribute","name":"action","val":"action","mustEscape":true,"loc":{"start":{"line":4,"column":23},"filename":"/cases/mixin.blocks.pug","end":{"line":4,"column":36}}}
{"type":"end-attributes","loc":{"start":{"line":4,"column":36},"filename":"/cases/mixin.blocks.pug","end":{"line":4,"column":37}}}
{"type":"indent","val":4,"loc":{"start":{"line":5,"column":1},"filename":"/cases/mixin.blocks.pug","end":{"line":5,"column":5}}}
{"type":"code","val":"var csrf_token_from_somewhere = 'hey'","mustEscape":false,"buffer":false,"loc":{"start":{"line":5,"column":5},"filename":"/cases/mixin.blocks.pug","end":{"line":5,"column":44}}}
{"type":"newline","loc":{"start":{"line":6,"column":1},"filename":"/cases/mixin.blocks.pug","end":{"line":6,"column":5}}}
{"type":"tag","val":"input","loc":{"start":{"line":6,"column":5},"filename":"/cases/mixin.blocks.pug","end":{"line":6,"column":10}}}
{"type":"start-attributes","loc":{"start":{"line":6,"column":10},"filename":"/cases/mixin.blocks.pug","end":{"line":6,"column":11}}}
{"type":"attribute","name":"type","val":"'hidden'","mustEscape":true,"loc":{"start":{"line":6,"column":11},"filename":"/cases/mixin.blocks.pug","end":{"line":6,"column":24}}}
{"type":"attribute","name":"name","val":"'_csrf'","mustEscape":true,"loc":{"start":{"line":6,"column":26},"filename":"/cases/mixin.blocks.pug","end":{"line":6,"column":38}}}
{"type":"attribute","name":"value","val":"csrf_token_from_somewhere","mustEscape":true,"loc":{"start":{"line":6,"column":40},"filename":"/cases/mixin.blocks.pug","end":{"line":6,"column":71}}}
{"type":"end-attributes","loc":{"start":{"line":6,"column":71},"filename":"/cases/mixin.blocks.pug","end":{"line":6,"column":72}}}
{"type":"newline","loc":{"start":{"line":7,"column":1},"filename":"/cases/mixin.blocks.pug","end":{"line":7,"column":5}}}
{"type":"mixin-block","loc":{"start":{"line":7,"column":5},"filename":"/cases/mixin.blocks.pug","end":{"line":7,"column":10}}}
{"type":"outdent","loc":{"start":{"line":9,"column":1},"filename":"/cases/mixin.blocks.pug","end":{"line":9,"column":1}}}
{"type":"outdent","loc":{"start":{"line":9,"column":1},"filename":"/cases/mixin.blocks.pug","end":{"line":9,"column":1}}}
{"type":"tag","val":"html","loc":{"start":{"line":9,"column":1},"filename":"/cases/mixin.blocks.pug","end":{"line":9,"column":5}}}
{"type":"indent","val":2,"loc":{"start":{"line":10,"column":1},"filename":"/cases/mixin.blocks.pug","end":{"line":10,"column":3}}}
{"type":"tag","val":"body","loc":{"start":{"line":10,"column":3},"filename":"/cases/mixin.blocks.pug","end":{"line":10,"column":7}}}
{"type":"indent","val":4,"loc":{"start":{"line":11,"column":1},"filename":"/cases/mixin.blocks.pug","end":{"line":11,"column":5}}}
{"type":"call","val":"form","args":"'GET', '/search'","loc":{"start":{"line":11,"column":5},"filename":"/cases/mixin.blocks.pug","end":{"line":11,"column":28}}}
{"type":"indent","val":6,"loc":{"start":{"line":12,"column":1},"filename":"/cases/mixin.blocks.pug","end":{"line":12,"column":7}}}
{"type":"tag","val":"input","loc":{"start":{"line":12,"column":7},"filename":"/cases/mixin.blocks.pug","end":{"line":12,"column":12}}}
{"type":"start-attributes","loc":{"start":{"line":12,"column":12},"filename":"/cases/mixin.blocks.pug","end":{"line":12,"column":13}}}
{"type":"attribute","name":"type","val":"'text'","mustEscape":true,"loc":{"start":{"line":12,"column":13},"filename":"/cases/mixin.blocks.pug","end":{"line":12,"column":24}}}
{"type":"attribute","name":"name","val":"'query'","mustEscape":true,"loc":{"start":{"line":12,"column":26},"filename":"/cases/mixin.blocks.pug","end":{"line":12,"column":38}}}
{"type":"attribute","name":"placeholder","val":"'Search'","mustEscape":true,"loc":{"start":{"line":12,"column":40},"filename":"/cases/mixin.blocks.pug","end":{"line":12,"column":60}}}
{"type":"end-attributes","loc":{"start":{"line":12,"column":60},"filename":"/cases/mixin.blocks.pug","end":{"line":12,"column":61}}}
{"type":"newline","loc":{"start":{"line":13,"column":1},"filename":"/cases/mixin.blocks.pug","end":{"line":13,"column":7}}}
{"type":"tag","val":"input","loc":{"start":{"line":13,"column":7},"filename":"/cases/mixin.blocks.pug","end":{"line":13,"column":12}}}
{"type":"start-attributes","loc":{"start":{"line":13,"column":12},"filename":"/cases/mixin.blocks.pug","end":{"line":13,"column":13}}}
{"type":"attribute","name":"type","val":"'submit'","mustEscape":true,"loc":{"start":{"line":13,"column":13},"filename":"/cases/mixin.blocks.pug","end":{"line":13,"column":26}}}
{"type":"attribute","name":"value","val":"'Search'","mustEscape":true,"loc":{"start":{"line":13,"column":28},"filename":"/cases/mixin.blocks.pug","end":{"line":13,"column":42}}}
{"type":"end-attributes","loc":{"start":{"line":13,"column":42},"filename":"/cases/mixin.blocks.pug","end":{"line":13,"column":43}}}
{"type":"outdent","loc":{"start":{"line":15,"column":1},"filename":"/cases/mixin.blocks.pug","end":{"line":15,"column":1}}}
{"type":"outdent","loc":{"start":{"line":15,"column":1},"filename":"/cases/mixin.blocks.pug","end":{"line":15,"column":1}}}
{"type":"outdent","loc":{"start":{"line":15,"column":1},"filename":"/cases/mixin.blocks.pug","end":{"line":15,"column":1}}}
{"type":"tag","val":"html","loc":{"start":{"line":15,"column":1},"filename":"/cases/mixin.blocks.pug","end":{"line":15,"column":5}}}
{"type":"indent","val":2,"loc":{"start":{"line":16,"column":1},"filename":"/cases/mixin.blocks.pug","end":{"line":16,"column":3}}}
{"type":"tag","val":"body","loc":{"start":{"line":16,"column":3},"filename":"/cases/mixin.blocks.pug","end":{"line":16,"column":7}}}
{"type":"indent","val":4,"loc":{"start":{"line":17,"column":1},"filename":"/cases/mixin.blocks.pug","end":{"line":17,"column":5}}}
{"type":"call","val":"form","args":"'POST', '/search'","loc":{"start":{"line":17,"column":5},"filename":"/cases/mixin.blocks.pug","end":{"line":17,"column":29}}}
{"type":"indent","val":6,"loc":{"start":{"line":18,"column":1},"filename":"/cases/mixin.blocks.pug","end":{"line":18,"column":7}}}
{"type":"tag","val":"input","loc":{"start":{"line":18,"column":7},"filename":"/cases/mixin.blocks.pug","end":{"line":18,"column":12}}}
{"type":"start-attributes","loc":{"start":{"line":18,"column":12},"filename":"/cases/mixin.blocks.pug","end":{"line":18,"column":13}}}
{"type":"attribute","name":"type","val":"'text'","mustEscape":true,"loc":{"start":{"line":18,"column":13},"filename":"/cases/mixin.blocks.pug","end":{"line":18,"column":24}}}
{"type":"attribute","name":"name","val":"'query'","mustEscape":true,"loc":{"start":{"line":18,"column":26},"filename":"/cases/mixin.blocks.pug","end":{"line":18,"column":38}}}
{"type":"attribute","name":"placeholder","val":"'Search'","mustEscape":true,"loc":{"start":{"line":18,"column":40},"filename":"/cases/mixin.blocks.pug","end":{"line":18,"column":60}}}
{"type":"end-attributes","loc":{"start":{"line":18,"column":60},"filename":"/cases/mixin.blocks.pug","end":{"line":18,"column":61}}}
{"type":"newline","loc":{"start":{"line":19,"column":1},"filename":"/cases/mixin.blocks.pug","end":{"line":19,"column":7}}}
{"type":"tag","val":"input","loc":{"start":{"line":19,"column":7},"filename":"/cases/mixin.blocks.pug","end":{"line":19,"column":12}}}
{"type":"start-attributes","loc":{"start":{"line":19,"column":12},"filename":"/cases/mixin.blocks.pug","end":{"line":19,"column":13}}}
{"type":"attribute","name":"type","val":"'submit'","mustEscape":true,"loc":{"start":{"line":19,"column":13},"filename":"/cases/mixin.blocks.pug","end":{"line":19,"column":26}}}
{"type":"attribute","name":"value","val":"'Search'","mustEscape":true,"loc":{"start":{"line":19,"column":28},"filename":"/cases/mixin.blocks.pug","end":{"line":19,"column":42}}}
{"type":"end-attributes","loc":{"start":{"line":19,"column":42},"filename":"/cases/mixin.blocks.pug","end":{"line":19,"column":43}}}
{"type":"outdent","loc":{"start":{"line":21,"column":1},"filename":"/cases/mixin.blocks.pug","end":{"line":21,"column":1}}}
{"type":"outdent","loc":{"start":{"line":21,"column":1},"filename":"/cases/mixin.blocks.pug","end":{"line":21,"column":1}}}
{"type":"outdent","loc":{"start":{"line":21,"column":1},"filename":"/cases/mixin.blocks.pug","end":{"line":21,"column":1}}}
{"type":"tag","val":"html","loc":{"start":{"line":21,"column":1},"filename":"/cases/mixin.blocks.pug","end":{"line":21,"column":5}}}
{"type":"indent","val":2,"loc":{"start":{"line":22,"column":1},"filename":"/cases/mixin.blocks.pug","end":{"line":22,"column":3}}}
{"type":"tag","val":"body","loc":{"start":{"line":22,"column":3},"filename":"/cases/mixin.blocks.pug","end":{"line":22,"column":7}}}
{"type":"indent","val":4,"loc":{"start":{"line":23,"column":1},"filename":"/cases/mixin.blocks.pug","end":{"line":23,"column":5}}}
{"type":"call","val":"form","args":"'POST', '/search'","loc":{"start":{"line":23,"column":5},"filename":"/cases/mixin.blocks.pug","end":{"line":23,"column":29}}}
{"type":"outdent","loc":{"start":{"line":25,"column":1},"filename":"/cases/mixin.blocks.pug","end":{"line":25,"column":1}}}
{"type":"outdent","loc":{"start":{"line":25,"column":1},"filename":"/cases/mixin.blocks.pug","end":{"line":25,"column":1}}}
{"type":"mixin","val":"bar","args":null,"loc":{"start":{"line":25,"column":1},"filename":"/cases/mixin.blocks.pug","end":{"line":25,"column":12}}}
{"type":"indent","val":2,"loc":{"start":{"line":26,"column":1},"filename":"/cases/mixin.blocks.pug","end":{"line":26,"column":3}}}
{"type":"id","val":"bar","loc":{"start":{"line":26,"column":3},"filename":"/cases/mixin.blocks.pug","end":{"line":26,"column":7}}}
{"type":"indent","val":4,"loc":{"start":{"line":27,"column":1},"filename":"/cases/mixin.blocks.pug","end":{"line":27,"column":5}}}
{"type":"mixin-block","loc":{"start":{"line":27,"column":5},"filename":"/cases/mixin.blocks.pug","end":{"line":27,"column":10}}}
{"type":"outdent","loc":{"start":{"line":29,"column":1},"filename":"/cases/mixin.blocks.pug","end":{"line":29,"column":1}}}
{"type":"outdent","loc":{"start":{"line":29,"column":1},"filename":"/cases/mixin.blocks.pug","end":{"line":29,"column":1}}}
{"type":"mixin","val":"foo","args":null,"loc":{"start":{"line":29,"column":1},"filename":"/cases/mixin.blocks.pug","end":{"line":29,"column":12}}}
{"type":"indent","val":2,"loc":{"start":{"line":30,"column":1},"filename":"/cases/mixin.blocks.pug","end":{"line":30,"column":3}}}
{"type":"id","val":"foo","loc":{"start":{"line":30,"column":3},"filename":"/cases/mixin.blocks.pug","end":{"line":30,"column":7}}}
{"type":"indent","val":4,"loc":{"start":{"line":31,"column":1},"filename":"/cases/mixin.blocks.pug","end":{"line":31,"column":5}}}
{"type":"call","val":"bar","args":null,"loc":{"start":{"line":31,"column":5},"filename":"/cases/mixin.blocks.pug","end":{"line":31,"column":9}}}
{"type":"indent","val":6,"loc":{"start":{"line":32,"column":1},"filename":"/cases/mixin.blocks.pug","end":{"line":32,"column":7}}}
{"type":"mixin-block","loc":{"start":{"line":32,"column":7},"filename":"/cases/mixin.blocks.pug","end":{"line":32,"column":12}}}
{"type":"outdent","loc":{"start":{"line":34,"column":1},"filename":"/cases/mixin.blocks.pug","end":{"line":34,"column":1}}}
{"type":"outdent","loc":{"start":{"line":34,"column":1},"filename":"/cases/mixin.blocks.pug","end":{"line":34,"column":1}}}
{"type":"outdent","loc":{"start":{"line":34,"column":1},"filename":"/cases/mixin.blocks.pug","end":{"line":34,"column":1}}}
{"type":"call","val":"foo","args":null,"loc":{"start":{"line":34,"column":1},"filename":"/cases/mixin.blocks.pug","end":{"line":34,"column":5}}}
{"type":"indent","val":2,"loc":{"start":{"line":35,"column":1},"filename":"/cases/mixin.blocks.pug","end":{"line":35,"column":3}}}
{"type":"tag","val":"p","loc":{"start":{"line":35,"column":3},"filename":"/cases/mixin.blocks.pug","end":{"line":35,"column":4}}}
{"type":"text","val":"one","loc":{"start":{"line":35,"column":5},"filename":"/cases/mixin.blocks.pug","end":{"line":35,"column":8}}}
{"type":"newline","loc":{"start":{"line":36,"column":1},"filename":"/cases/mixin.blocks.pug","end":{"line":36,"column":3}}}
{"type":"tag","val":"p","loc":{"start":{"line":36,"column":3},"filename":"/cases/mixin.blocks.pug","end":{"line":36,"column":4}}}
{"type":"text","val":"two","loc":{"start":{"line":36,"column":5},"filename":"/cases/mixin.blocks.pug","end":{"line":36,"column":8}}}
{"type":"newline","loc":{"start":{"line":37,"column":1},"filename":"/cases/mixin.blocks.pug","end":{"line":37,"column":3}}}
{"type":"tag","val":"p","loc":{"start":{"line":37,"column":3},"filename":"/cases/mixin.blocks.pug","end":{"line":37,"column":4}}}
{"type":"text","val":"three","loc":{"start":{"line":37,"column":5},"filename":"/cases/mixin.blocks.pug","end":{"line":37,"column":10}}}
{"type":"outdent","loc":{"start":{"line":40,"column":1},"filename":"/cases/mixin.blocks.pug","end":{"line":40,"column":1}}}
{"type":"mixin","val":"baz","args":null,"loc":{"start":{"line":40,"column":1},"filename":"/cases/mixin.blocks.pug","end":{"line":40,"column":10}}}
{"type":"indent","val":4,"loc":{"start":{"line":41,"column":1},"filename":"/cases/mixin.blocks.pug","end":{"line":41,"column":5}}}
{"type":"id","val":"baz","loc":{"start":{"line":41,"column":5},"filename":"/cases/mixin.blocks.pug","end":{"line":41,"column":9}}}
{"type":"indent","val":8,"loc":{"start":{"line":42,"column":1},"filename":"/cases/mixin.blocks.pug","end":{"line":42,"column":9}}}
{"type":"mixin-block","loc":{"start":{"line":42,"column":9},"filename":"/cases/mixin.blocks.pug","end":{"line":42,"column":14}}}
{"type":"outdent","loc":{"start":{"line":44,"column":1},"filename":"/cases/mixin.blocks.pug","end":{"line":44,"column":1}}}
{"type":"outdent","loc":{"start":{"line":44,"column":1},"filename":"/cases/mixin.blocks.pug","end":{"line":44,"column":1}}}
{"type":"call","val":"baz","args":"","loc":{"start":{"line":44,"column":1},"filename":"/cases/mixin.blocks.pug","end":{"line":44,"column":7}}}
{"type":"code","val":"'123'","mustEscape":true,"buffer":true,"loc":{"start":{"line":44,"column":7},"filename":"/cases/mixin.blocks.pug","end":{"line":44,"column":14}}}
{"type":"eos","loc":{"start":{"line":44,"column":14},"filename":"/cases/mixin.blocks.pug","end":{"line":44,"column":14}}}