{"type":"newline","loc":{"start":{"line":2,"column":1},"filename":"/cases/mixin.block-tag-behaviour.pug","end":{"line":2,"column":1}}}
{"type":"mixin","val":"article","args":"name","loc":{"start":{"line":2,"column":1},"filename":"/cases/mixin.block-tag-behaviour.pug","end":{"line":2,"column":20}}}
{"type":"indent","val":2,"loc":{"start":{"line":3,"column":1},"filename":"/cases/mixin.block-tag-behaviour.pug","end":{"line":3,"column":3}}}
{"type":"tag","val":"section","loc":{"start":{"line":3,"column":3},"filename":"/cases/mixin.block-tag-behaviour.pug","end":{"line":3,"column":10}}}
{"type":"class","val":"article","loc":{"start":{"line":3,"column":10},"filename":"/cases/mixin.block-tag-behaviour.pug","end":{"line":3,"column":18}}}
{"type":"indent","val":4,"loc":{"start":{"line":4,"column":1},"filename":"/cases/mixin.block-tag-behaviour.pug","end":{"line":4,"column":5}}}
{"type":"tag","val":"h1","loc":{"start":{"line":4,"column":5},"filename":"/cases/mixin.block-tag-behaviour.pug","end":{"line":4,"column":7}}}
{"type":"code","val":"name","mustEscape":true,"buffer":true,"loc":{"start":{"line":4,"column":7},"filename":"/cases/mixin.block-tag-behaviour.pug","end":{"line":4,"column":13}}}
{"type":"newline","loc":{"start":{"line":5,"column":1},"filename":"/cases/mixin.block-tag-behaviour.pug","end":{"line":5,"column":5}}}
{"type":"mixin-block","loc":{"start":{"line":5,"column":5},"filename":"/cases/mixin.block-tag-behaviour.pug","end":{"line":5,"column":10}}}
{"type":"outdent","loc":{"start":{"line":7,"column":1},"filename":"/cases/mixin.block-tag-behaviour.pug","end":{"line":7,"column":1}}}
{"type":"outdent","loc":{"start":{"line":7,"column":1},"filename":"/cases/mixin.block-tag-behaviour.pug","end":{"line":7,"column":1}}}
{"type":"tag","val":"html","loc":{"start":{"line":7,"column":1},"filename":"/cases/mixin.block-tag-behaviour.pug","end":{"line":7,"column":5}}}
{"type":"indent","val":2,"loc":{"start":{"line":8,"column":1},"filename":"/cases/mixin.block-tag-behaviour.pug","end":{"line":8,"column":3}}}
{"type":"tag","val":"body","loc":{"start":{"line":8,"column":3},"filename":"/cases/mixin.block-tag-behaviour.pug","end":{"line":8,"column":7}}}
{"type":"indent","val":4,"loc":{"start":{"line":9,"column":1},"filename":"/cases/mixin.block-tag-behaviour.pug","end":{"line":9,"column":5}}}
{"type":"call","val":"article","args":"'Foo'","loc":{"start":{"line":9,"column":5},"filename":"/cases/mixin.block-tag-behaviour.pug","end":{"line":9,"column":20}}}
{"type":":","loc":{"start":{"line":9,"column":20},"filename":"/cases/mixin.block-tag-behaviour.pug","end":{"line":9,"column":22}}}
{"type":"tag","val":"p","loc":{"start":{"line":9,"column":22},"filename":"/cases/mixin.block-tag-behaviour.pug","end":{"line":9,"column":23}}}
{"type":"text","val":"I'm article foo","loc":{"start":{"line":9,"column":24},"filename":"/cases/mixin.block-tag-behaviour.pug","end":{"line":9,"column":39}}}
{"type":"outdent","loc":{"start":{"line":11,"column":1},"filename":"/cases/mixin.block-tag-behaviour.pug","end":{"line":11,"column":1}}}
{"type":"outdent","loc":{"start":{"line":11,"column":1},"filename":"/cases/mixin.block-tag-behaviour.pug","end":{"line":11,"column":1}}}
{"type":"mixin","val":"article","args":"name","loc":{"start":{"line":11,"column":1},"filename":"/cases/mixin.block-tag-behaviour.pug","end":{"line":11,"column":20}}}
{"type":"indent","val":2,"loc":{"start":{"line":12,"column":1},"filename":"/cases/mixin.block-tag-behaviour.pug","end":{"line":12,"column":3}}}
{"type":"tag","val":"section","loc":{"start":{"line":12,"column":3},"filename":"/cases/mixin.block-tag-behaviour.pug","end":{"line":12,"column":10}}}
{"type":"class","val":"article","loc":{"start":{"line":12,"column":10},"filename":"/cases/mixin.block-tag-behaviour.pug","end":{"line":12,"column":18}}}
{"type":"indent","val":4,"loc":{"start":{"line":13,"column":1},"filename":"/cases/mixin.block-tag-behaviour.pug","end":{"line":13,"column":5}}}
{"type":"tag","val":"h1","loc":{"start":{"line":13,"column":5},"filename":"/cases/mixin.block-tag-behaviour.pug","end":{"line":13,"column":7}}}
{"type":"code","val":"name","mustEscape":true,"buffer":true,"loc":{"start":{"line":13,"column":7},"filename":"/cases/mixin.block-tag-behaviour.pug","end":{"line":13,"column":13}}}
{"type":"newline","loc":{"start":{"line":14,"column":1},"filename":"/cases/mixin.block-tag-behaviour.pug","end":{"line":14,"column":5}}}
{"type":"tag","val":"p","loc":{"start":{"line":14,"column":5},"filename":"/cases/mixin.block-tag-behaviour.pug","end":{"line":14,"column":6}}}
{"type":"indent","val":6,"loc":{"start":{"line":15,"column":1},"filename":"/cases/mixin.block-tag-behaviour.pug","end":{"line":15,"column":7}}}
{"type":"mixin-block","loc":{"start":{"line":15,"column":7},"filename":"/cases/mixin.block-tag-behaviour.pug","end":{"line":15,"column":12}}}
{"type":"outdent","loc":{"start":{"line":17,"column":1},"filename":"/cases/mixin.block-tag-behaviour.pug","end":{"line":17,"column":1}}}
{"type":"outdent","loc":{"start":{"line":17,"column":1},"filename":"/cases/mixin.block-tag-behaviour.pug","end":{"line":17,"column":1}}}
{"type":"outdent","loc":{"start":{"line":17,"column":1},"filename":"/cases/mixin.block-tag-behaviour.pug","end":{"line":17,"column":1}}}
{"type":"tag","val":"html","loc":{"start":{"line":17,"column":1},"filename":"/cases/mixin.block-tag-behaviour.pug","end":{"line":17,"column":5}}}
{"type":"indent","val":2,"loc":{"start":{"line":18,"column":1},"filename":"/cases/mixin.block-tag-behaviour.pug","end":{"line":18,"column":3}}}
{"type":"tag","val":"body","loc":{"start":{"line":18,"column":3},"filename":"/cases/mixin.block-tag-behaviour.pug","end":{"line":18,"column":7}}}
{"type":"indent","val":4,"loc":{"start":{"line":19,"column":1},"filename":"/cases/mixin.block-tag-behaviour.pug","end":{"line":19,"column":5}}}
{"type":"call","val":"article","args":"'Something'","loc":{"start":{"line":19,"column":5},"filename":"/cases/mixin.block-tag-behaviour.pug","end":{"line":19,"column":26}}}
{"type":"dot","loc":{"start":{"line":19,"column":26},"filename":"/cases/mixin.block-tag-behaviour.pug","end":{"line":19,"column":27}}}
{"type":"start-pipeless-text","loc":{"start":{"line":19,"column":27},"filename":"/cases/mixin.block-tag-behaviour.pug","end":{"line":19,"column":27}}}
{"type":"text","val":"I'm a much longer","loc":{"start":{"line":20,"column":7},"filename":"/cases/mixin.block-tag-behaviour.pug","end":{"line":20,"column":24}}}
{"type":"newline","loc":{"start":{"line":21,"column":1},"filename":"/cases/mixin.block-tag-behaviour.pug","end":{"line":21,"column":7}}}
{"type":"text","val":"text-only article,","loc":{"start":{"line":21,"column":7},"filename":"/cases/mixin.block-tag-behaviour.pug","end":{"line":21,"column":25}}}
{"type":"newline","loc":{"start":{"line":22,"column":1},"filename":"/cases/mixin.block-tag-behaviour.pug","end":{"line":22,"column":7}}}
{"type":"text","val":"but you can still","loc":{"start":{"line":22,"column":7},"filename":"/cases/mixin.block-tag-behaviour.pug","end":{"line":22,"column":24}}}
{"type":"newline","loc":{"start":{"line":23,"column":1},"filename":"/cases/mixin.block-tag-behaviour.pug","end":{"line":23,"column":7}}}
{"type":"text","val":"inline html tags","loc":{"start":{"line":23,"column":7},"filename":"/cases/mixin.block-tag-behaviour.pug","end":{"line":23,"column":23}}}
{"type":"newline","loc":{"start":{"line":24,"column":1},"filename":"/cases/mixin.block-tag-behaviour.pug","end":{"line":24,"column":7}}}
{"type":"text","val":"in me if you want.","loc":{"start":{"line":24,"column":7},"filename":"/cases/mixin.block-tag-behaviour.pug","end":{"line":24,"column":25}}}
{"type":"end-pipeless-text","loc":{"start":{"line":24,"column":25},"filename":"/cases/mixin.block-tag-behaviour.pug","end":{"line":24,"column":25}}}
{"type":"outdent","loc":{"start":{"line":24,"column":25},"filename":"/cases/mixin.block-tag-behaviour.pug","end":{"line":24,"column":25}}}
{"type":"outdent","loc":{"start":{"line":24,"column":25},"filename":"/cases/mixin.block-tag-behaviour.pug","end":{"line":24,"column":25}}}
{"type":"eos","loc":{"start":{"line":24,"column":25},"filename":"/cases/mixin.block-tag-behaviour.pug","end":{"line":24,"column":25}}}