{"type":"mixin","val":"comment","args":"title, str","loc":{"start":{"line":1,"column":1},"filename":"/cases/mixins.pug","end":{"line":1,"column":26}}}
{"type":"indent","val":2,"loc":{"start":{"line":2,"column":1},"filename":"/cases/mixins.pug","end":{"line":2,"column":3}}}
{"type":"class","val":"comment","loc":{"start":{"line":2,"column":3},"filename":"/cases/mixins.pug","end":{"line":2,"column":11}}}
{"type":"indent","val":4,"loc":{"start":{"line":3,"column":1},"filename":"/cases/mixins.pug","end":{"line":3,"column":5}}}
{"type":"tag","val":"h2","loc":{"start":{"line":3,"column":5},"filename":"/cases/mixins.pug","end":{"line":3,"column":7}}}
{"type":"code","val":"title","mustEscape":true,"buffer":true,"loc":{"start":{"line":3,"column":7},"filename":"/cases/mixins.pug","end":{"line":3,"column":14}}}
{"type":"newline","loc":{"start":{"line":4,"column":1},"filename":"/cases/mixins.pug","end":{"line":4,"column":5}}}
{"type":"tag","val":"p","loc":{"start":{"line":4,"column":5},"filename":"/cases/mixins.pug","end":{"line":4,"column":6}}}
{"type":"class","val":"body","loc":{"start":{"line":4,"column":6},"filename":"/cases/mixins.pug","end":{"line":4,"column":11}}}
{"type":"code","val":"str","mustEscape":true,"buffer":true,"loc":{"start":{"line":4,"column":11},"filename":"/cases/mixins.pug","end":{"line":4,"column":16}}}
{"type":"outdent","loc":{"start":{"line":7,"column":1},"filename":"/cases/mixins.pug","end":{"line":7,"column":1}}}
{"type":"outdent","loc":{"start":{"line":7,"column":1},"filename":"/cases/mixins.pug","end":{"line":7,"column":1}}}
{"type":"mixin","val":"comment","args":"title, str","loc":{"start":{"line":7,"column":1},"filename":"/cases/mixins.pug","end":{"line":7,"column":27}}}
{"type":"indent","val":2,"loc":{"start":{"line":8,"column":1},"filename":"/cases/mixins.pug","end":{"line":8,"column":3}}}
{"type":"class","val":"comment","loc":{"start":{"line":8,"column":3},"filename":"/cases/mixins.pug","end":{"line":8,"column":11}}}
{"type":"indent","val":4,"loc":{"start":{"line":9,"column":1},"filename":"/cases/mixins.pug","end":{"line":9,"column":5}}}
{"type":"tag","val":"h2","loc":{"start":{"line":9,"column":5},"filename":"/cases/mixins.pug","end":{"line":9,"column":7}}}
{"type":"code","val":"title","mustEscape":true,"buffer":true,"loc":{"start":{"line":9,"column":7},"filename":"/cases/mixins.pug","end":{"line":9,"column":14}}}
{"type":"newline","loc":{"start":{"line":10,"column":1},"filename":"/cases/mixins.pug","end":{"line":10,"column":5}}}
{"type":"tag","val":"p","loc":{"start":{"line":10,"column":5},"filename":"/cases/mixins.pug","end":{"line":10,"column":6}}}
{"type":"class","val":"body","loc":{"start":{"line":10,"column":6},"filename":"/cases/mixins.pug","end":{"line":10,"column":11}}}
{"type":"code","val":"str","mustEscape":true,"buffer":true,"loc":{"start":{"line":10,"column":11},"filename":"/cases/mixins.pug","end":{"line":10,"column":16}}}
{"type":"outdent","loc":{"start":{"line":12,"column":1},"filename":"/cases/mixins.pug","end":{"line":12,"column":1}}}
{"type":"outdent","loc":{"start":{"line":12,"column":1},"filename":"/cases/mixins.pug","end":{"line":12,"column":1}}}
{"type":"id","val":"user","loc":{"start":{"line":12,"column":1},"filename":"/cases/mixins.pug","end":{"line":12,"column":6}}}
{"type":"indent","val":2,"loc":{"start":{"line":13,"column":1},"filename":"/cases/mixins.pug","end":{"line":13,"column":3}}}
{"type":"tag","val":"h1","loc":{"start":{"line":13,"column":3},"filename":"/cases/mixins.pug","end":{"line":13,"column":5}}}
{"type":"text","val":"Tobi","loc":{"start":{"line":13,"column":6},"filename":"/cases/mixins.pug","end":{"line":13,"column":10}}}
{"type":"newline","loc":{"start":{"line":14,"column":1},"filename":"/cases/mixins.pug","end":{"line":14,"column":3}}}
{"type":"class","val":"comments","loc":{"start":{"line":14,"column":3},"filename":"/cases/mixins.pug","end":{"line":14,"column":12}}}
{"type":"indent","val":4,"loc":{"start":{"line":15,"column":1},"filename":"/cases/mixins.pug","end":{"line":15,"column":5}}}
{"type":"call","val":"comment","args":"'This',\n            (('is regular, javascript'))","loc":{"start":{"line":15,"column":5},"filename":"/cases/mixins.pug","end":{"line":16,"column":42}}}
{"type":"outdent","loc":{"start":{"line":18,"column":1},"filename":"/cases/mixins.pug","end":{"line":18,"column":1}}}
{"type":"outdent","loc":{"start":{"line":18,"column":1},"filename":"/cases/mixins.pug","end":{"line":18,"column":1}}}
{"type":"mixin","val":"list","args":null,"loc":{"start":{"line":18,"column":1},"filename":"/cases/mixins.pug","end":{"line":18,"column":11}}}
{"type":"indent","val":2,"loc":{"start":{"line":19,"column":1},"filename":"/cases/mixins.pug","end":{"line":19,"column":3}}}
{"type":"tag","val":"ul","loc":{"start":{"line":19,"column":3},"filename":"/cases/mixins.pug","end":{"line":19,"column":5}}}
{"type":"indent","val":4,"loc":{"start":{"line":20,"column":1},"filename":"/cases/mixins.pug","end":{"line":20,"column":5}}}
{"type":"tag","val":"li","loc":{"start":{"line":20,"column":5},"filename":"/cases/mixins.pug","end":{"line":20,"column":7}}}
{"type":"text","val":"foo","loc":{"start":{"line":20,"column":8},"filename":"/cases/mixins.pug","end":{"line":20,"column":11}}}
{"type":"newline","loc":{"start":{"line":21,"column":1},"filename":"/cases/mixins.pug","end":{"line":21,"column":5}}}
{"type":"tag","val":"li","loc":{"start":{"line":21,"column":5},"filename":"/cases/mixins.pug","end":{"line":21,"column":7}}}
{"type":"text","val":"bar","loc":{"start":{"line":21,"column":8},"filename":"/cases/mixins.pug","end":{"line":21,"column":11}}}
{"type":"newline","loc":{"start":{"line":22,"column":1},"filename":"/cases/mixins.pug","end":{"line":22,"column":5}}}
{"type":"tag","val":"li","loc":{"start":{"line":22,"column":5},"filename":"/cases/mixins.pug","end":{"line":22,"column":7}}}
{"type":"text","val":"baz","loc":{"start":{"line":22,"column":8},"filename":"/cases/mixins.pug","end":{"line":22,"column":11}}}
{"type":"outdent","loc":{"start":{"line":24,"column":1},"filename":"/cases/mixins.pug","end":{"line":24,"column":1}}}
{"type":"outdent","loc":{"start":{"line":24,"column":1},"filename":"/cases/mixins.pug","end":{"line":24,"column":1}}}
{"type":"tag","val":"body","loc":{"start":{"line":24,"column":1},"filename":"/cases/mixins.pug","end":{"line":24,"column":5}}}
{"type":"indent","val":2,"loc":{"start":{"line":25,"column":1},"filename":"/cases/mixins.pug","end":{"line":25,"column":3}}}
{"type":"call","val":"list","args":"","loc":{"start":{"line":25,"column":3},"filename":"/cases/mixins.pug","end":{"line":25,"column":10}}}
{"type":"newline","loc":{"start":{"line":26,"column":1},"filename":"/cases/mixins.pug","end":{"line":26,"column":3}}}
{"type":"call","val":"list","args":"","loc":{"start":{"line":26,"column":3},"filename":"/cases/mixins.pug","end":{"line":26,"column":11}}}
{"type":"outdent","loc":{"start":{"line":28,"column":1},"filename":"/cases/mixins.pug","end":{"line":28,"column":1}}}
{"type":"mixin","val":"foobar","args":"str","loc":{"start":{"line":28,"column":1},"filename":"/cases/mixins.pug","end":{"line":28,"column":18}}}
{"type":"indent","val":2,"loc":{"start":{"line":29,"column":1},"filename":"/cases/mixins.pug","end":{"line":29,"column":3}}}
{"type":"tag","val":"div","loc":{"start":{"line":29,"column":3},"filename":"/cases/mixins.pug","end":{"line":29,"column":6}}}
{"type":"id","val":"interpolation","loc":{"start":{"line":29,"column":6},"filename":"/cases/mixins.pug","end":{"line":29,"column":20}}}
{"type":"code","val":"str + 'interpolated'","mustEscape":true,"buffer":true,"loc":{"start":{"line":29,"column":20},"filename":"/cases/mixins.pug","end":{"line":29,"column":42}}}
{"type":"outdent","loc":{"start":{"line":31,"column":1},"filename":"/cases/mixins.pug","end":{"line":31,"column":1}}}
{"type":"code","val":"var suffix = \"bar\"","mustEscape":false,"buffer":false,"loc":{"start":{"line":31,"column":1},"filename":"/cases/mixins.pug","end":{"line":31,"column":21}}}
{"type":"newline","loc":{"start":{"line":32,"column":1},"filename":"/cases/mixins.pug","end":{"line":32,"column":1}}}
{"type":"call","val":"#{'foo' + suffix}","args":"'This is '","loc":{"start":{"line":32,"column":1},"filename":"/cases/mixins.pug","end":{"line":32,"column":31}}}
{"type":"newline","loc":{"start":{"line":33,"column":1},"filename":"/cases/mixins.pug","end":{"line":33,"column":1}}}
{"type":"eos","loc":{"start":{"line":33,"column":1},"filename":"/cases/mixins.pug","end":{"line":33,"column":1}}}