{"type":"mixin","val":"m","args":"id","loc":{"start":{"line":1,"column":1},"filename":"/cases/mixin-block-with-space.pug","end":{"line":1,"column":12}}}
{"type":"indent","val":2,"loc":{"start":{"line":2,"column":1},"filename":"/cases/mixin-block-with-space.pug","end":{"line":2,"column":3}}}
{"type":"tag","val":"div","loc":{"start":{"line":2,"column":3},"filename":"/cases/mixin-block-with-space.pug","end":{"line":2,"column":6}}}
{"type":"indent","val":4,"loc":{"start":{"line":3,"column":1},"filename":"/cases/mixin-block-with-space.pug","end":{"line":3,"column":5}}}
{"type":"mixin-block","loc":{"start":{"line":3,"column":5},"filename":"/cases/mixin-block-with-space.pug","end":{"line":3,"column":10}}}
{"type":"outdent","loc":{"start":{"line":5,"column":1},"filename":"/cases/mixin-block-with-space.pug","end":{"line":5,"column":1}}}
{"type":"outdent","loc":{"start":{"line":5,"column":1},"filename":"/cases/mixin-block-with-space.pug","end":{"line":5,"column":1}}}
{"type":"call","val":"m","args":"","loc":{"start":{"line":5,"column":1},"filename":"/cases/mixin-block-with-space.pug","end":{"line":5,"column":5}}}
{"type":"indent","val":2,"loc":{"start":{"line":6,"column":1},"filename":"/cases/mixin-block-with-space.pug","end":{"line":6,"column":3}}}
{"type":"text","val":"This text should appear","loc":{"start":{"line":6,"column":5},"filename":"/cases/mixin-block-with-space.pug","end":{"line":6,"column":28}}}
{"type":"outdent","loc":{"start":{"line":6,"column":28},"filename":"/cases/mixin-block-with-space.pug","end":{"line":6,"column":28}}}
{"type":"eos","loc":{"start":{"line":6,"column":28},"filename":"/cases/mixin-block-with-space.pug","end":{"line":6,"column":28}}}