{"type":"tag","val":"pre","loc":{"start":{"line":1,"column":1},"filename":"/cases/pipeless-tag.pug","end":{"line":1,"column":4}}}
{"type":"dot","loc":{"start":{"line":1,"column":4},"filename":"/cases/pipeless-tag.pug","end":{"line":1,"column":5}}}
{"type":"start-pipeless-text","loc":{"start":{"line":1,"column":5},"filename":"/cases/pipeless-tag.pug","end":{"line":1,"column":5}}}
{"type":"text","val":"  what","loc":{"start":{"line":2,"column":3},"filename":"/cases/pipeless-tag.pug","end":{"line":2,"column":9}}}
{"type":"newline","loc":{"start":{"line":3,"column":1},"filename":"/cases/pipeless-tag.pug","end":{"line":3,"column":3}}}
{"type":"text","val":"is ","loc":{"start":{"line":3,"column":3},"filename":"/cases/pipeless-tag.pug","end":{"line":3,"column":6}}}
{"type":"interpolated-code","val":"'going'","mustEscape":true,"buffer":true,"loc":{"start":{"line":3,"column":6},"filename":"/cases/pipeless-tag.pug","end":{"line":3,"column":16}}}
{"type":"text","val":" ","loc":{"start":{"line":3,"column":16},"filename":"/cases/pipeless-tag.pug","end":{"line":3,"column":17}}}
{"type":"start-pug-interpolation","loc":{"start":{"line":3,"column":17},"filename":"/cases/pipeless-tag.pug","end":{"line":3,"column":19}}}
{"type":"interpolated-code","val":"'on'","mustEscape":true,"buffer":true,"loc":{"start":{"line":3,"column":21},"filename":"/cases/pipeless-tag.pug","end":{"line":3,"column":28}}}
{"type":"end-pug-interpolation","loc":{"start":{"line":3,"column":28},"filename":"/cases/pipeless-tag.pug","end":{"line":3,"column":29}}}
{"type":"text","val":"","loc":{"start":{"line":3,"column":29},"filename":"/cases/pipeless-tag.pug","end":{"line":3,"column":29}}}
{"type":"end-pipeless-text","loc":{"start":{"line":3,"column":29},"filename":"/cases/pipeless-tag.pug","end":{"line":3,"column":29}}}
{"type":"eos","loc":{"start":{"line":3,"column":29},"filename":"/cases/pipeless-tag.pug","end":{"line":3,"column":29}}}