{"type":"tag","val":"pre","loc":{"start":{"line":1,"column":1},"filename":"/cases/pre.pug","end":{"line":1,"column":4}}}
{"type":"dot","loc":{"start":{"line":1,"column":4},"filename":"/cases/pre.pug","end":{"line":1,"column":5}}}
{"type":"start-pipeless-text","loc":{"start":{"line":1,"column":5},"filename":"/cases/pre.pug","end":{"line":1,"column":5}}}
{"type":"text","val":"foo","loc":{"start":{"line":2,"column":3},"filename":"/cases/pre.pug","end":{"line":2,"column":6}}}
{"type":"newline","loc":{"start":{"line":3,"column":1},"filename":"/cases/pre.pug","end":{"line":3,"column":3}}}
{"type":"text","val":"bar","loc":{"start":{"line":3,"column":3},"filename":"/cases/pre.pug","end":{"line":3,"column":6}}}
{"type":"newline","loc":{"start":{"line":4,"column":1},"filename":"/cases/pre.pug","end":{"line":4,"column":3}}}
{"type":"text","val":"baz","loc":{"start":{"line":4,"column":3},"filename":"/cases/pre.pug","end":{"line":4,"column":6}}}
{"type":"newline","loc":{"start":{"line":5,"column":1},"filename":"/cases/pre.pug","end":{"line":5,"column":1}}}
{"type":"text","val":"","loc":{"start":{"line":5,"column":1},"filename":"/cases/pre.pug","end":{"line":5,"column":1}}}
{"type":"end-pipeless-text","loc":{"start":{"line":5,"column":1},"filename":"/cases/pre.pug","end":{"line":5,"column":1}}}
{"type":"newline","loc":{"start":{"line":6,"column":1},"filename":"/cases/pre.pug","end":{"line":6,"column":1}}}
{"type":"tag","val":"pre","loc":{"start":{"line":6,"column":1},"filename":"/cases/pre.pug","end":{"line":6,"column":4}}}
{"type":"indent","val":2,"loc":{"start":{"line":7,"column":1},"filename":"/cases/pre.pug","end":{"line":7,"column":3}}}
{"type":"tag","val":"code","loc":{"start":{"line":7,"column":3},"filename":"/cases/pre.pug","end":{"line":7,"column":7}}}
{"type":"dot","loc":{"start":{"line":7,"column":7},"filename":"/cases/pre.pug","end":{"line":7,"column":8}}}
{"type":"start-pipeless-text","loc":{"start":{"line":7,"column":8},"filename":"/cases/pre.pug","end":{"line":7,"column":8}}}
{"type":"text","val":"foo","loc":{"start":{"line":8,"column":5},"filename":"/cases/pre.pug","end":{"line":8,"column":8}}}
{"type":"newline","loc":{"start":{"line":9,"column":1},"filename":"/cases/pre.pug","end":{"line":9,"column":5}}}
{"type":"text","val":"bar","loc":{"start":{"line":9,"column":5},"filename":"/cases/pre.pug","end":{"line":9,"column":8}}}
{"type":"newline","loc":{"start":{"line":10,"column":1},"filename":"/cases/pre.pug","end":{"line":10,"column":5}}}
{"type":"text","val":"baz","loc":{"start":{"line":10,"column":5},"filename":"/cases/pre.pug","end":{"line":10,"column":8}}}
{"type":"end-pipeless-text","loc":{"start":{"line":10,"column":8},"filename":"/cases/pre.pug","end":{"line":10,"column":8}}}
{"type":"outdent","loc":{"start":{"line":10,"column":8},"filename":"/cases/pre.pug","end":{"line":10,"column":8}}}
{"type":"eos","loc":{"start":{"line":10,"column":8},"filename":"/cases/pre.pug","end":{"line":10,"column":8}}}