{"type":"tag","val":"p","loc":{"start":{"line":1,"column":1},"filename":"/cases/quotes.pug","end":{"line":1,"column":2}}}
{"type":"text","val":"\"foo\"","loc":{"start":{"line":1,"column":3},"filename":"/cases/quotes.pug","end":{"line":1,"column":8}}}
{"type":"newline","loc":{"start":{"line":2,"column":1},"filename":"/cases/quotes.pug","end":{"line":2,"column":1}}}
{"type":"tag","val":"p","loc":{"start":{"line":2,"column":1},"filename":"/cases/quotes.pug","end":{"line":2,"column":2}}}
{"type":"text","val":"'foo'","loc":{"start":{"line":2,"column":3},"filename":"/cases/quotes.pug","end":{"line":2,"column":8}}}
{"type":"eos","loc":{"start":{"line":2,"column":8},"filename":"/cases/quotes.pug","end":{"line":2,"column":8}}}