{"type":"tag","val":"script","loc":{"start":{"line":1,"column":1},"filename":"/cases/scripts.pug","end":{"line":1,"column":7}}}
{"type":"dot","loc":{"start":{"line":1,"column":7},"filename":"/cases/scripts.pug","end":{"line":1,"column":8}}}
{"type":"start-pipeless-text","loc":{"start":{"line":1,"column":8},"filename":"/cases/scripts.pug","end":{"line":1,"column":8}}}
{"type":"text","val":"if (foo) {","loc":{"start":{"line":2,"column":3},"filename":"/cases/scripts.pug","end":{"line":2,"column":13}}}
{"type":"newline","loc":{"start":{"line":3,"column":1},"filename":"/cases/scripts.pug","end":{"line":3,"column":3}}}
{"type":"text","val":"  bar();","loc":{"start":{"line":3,"column":3},"filename":"/cases/scripts.pug","end":{"line":3,"column":11}}}
{"type":"newline","loc":{"start":{"line":4,"column":1},"filename":"/cases/scripts.pug","end":{"line":4,"column":3}}}
{"type":"text","val":"}","loc":{"start":{"line":4,"column":3},"filename":"/cases/scripts.pug","end":{"line":4,"column":4}}}
{"type":"end-pipeless-text","loc":{"start":{"line":4,"column":4},"filename":"/cases/scripts.pug","end":{"line":4,"column":4}}}
{"type":"newline","loc":{"start":{"line":5,"column":1},"filename":"/cases/scripts.pug","end":{"line":5,"column":1}}}
{"type":"tag","val":"script","loc":{"start":{"line":5,"column":1},"filename":"/cases/scripts.pug","end":{"line":5,"column":7}}}
{"type":"code","val":"'foo()'","mustEscape":false,"buffer":true,"loc":{"start":{"line":5,"column":7},"filename":"/cases/scripts.pug","end":{"line":5,"column":17}}}
{"type":"newline","loc":{"start":{"line":6,"column":1},"filename":"/cases/scripts.pug","end":{"line":6,"column":1}}}
{"type":"tag","val":"script","loc":{"start":{"line":6,"column":1},"filename":"/cases/scripts.pug","end":{"line":6,"column":7}}}
{"type":"text","val":"foo()","loc":{"start":{"line":6,"column":8},"filename":"/cases/scripts.pug","end":{"line":6,"column":13}}}
{"type":"newline","loc":{"start":{"line":7,"column":1},"filename":"/cases/scripts.pug","end":{"line":7,"column":1}}}
{"type":"tag","val":"script","loc":{"start":{"line":7,"column":1},"filename":"/cases/scripts.pug","end":{"line":7,"column":7}}}
{"type":"newline","loc":{"start":{"line":8,"column":1},"filename":"/cases/scripts.pug","end":{"line":8,"column":1}}}
{"type":"tag","val":"div","loc":{"start":{"line":8,"column":1},"filename":"/cases/scripts.pug","end":{"line":8,"column":4}}}
{"type":"eos","loc":{"start":{"line":8,"column":4},"filename":"/cases/scripts.pug","end":{"line":8,"column":4}}}