{"type":"doctype","val":"html","loc":{"start":{"line":1,"column":1},"filename":"/cases/self-closing-html.pug","end":{"line":1,"column":13}}}
{"type":"newline","loc":{"start":{"line":2,"column":1},"filename":"/cases/self-closing-html.pug","end":{"line":2,"column":1}}}
{"type":"tag","val":"html","loc":{"start":{"line":2,"column":1},"filename":"/cases/self-closing-html.pug","end":{"line":2,"column":5}}}
{"type":"indent","val":2,"loc":{"start":{"line":3,"column":1},"filename":"/cases/self-closing-html.pug","end":{"line":3,"column":3}}}
{"type":"tag","val":"body","loc":{"start":{"line":3,"column":3},"filename":"/cases/self-closing-html.pug","end":{"line":3,"column":7}}}
{"type":"indent","val":4,"loc":{"start":{"line":4,"column":1},"filename":"/cases/self-closing-html.pug","end":{"line":4,"column":5}}}
{"type":"tag","val":"br","loc":{"start":{"line":4,"column":5},"filename":"/cases/self-closing-html.pug","end":{"line":4,"column":7}}}
{"type":"slash","loc":{"start":{"line":4,"column":7},"filename":"/cases/self-closing-html.pug","end":{"line":4,"column":8}}}
{"type":"outdent","loc":{"start":{"line":5,"column":1},"filename":"/cases/self-closing-html.pug","end":{"line":5,"column":1}}}
{"type":"outdent","loc":{"start":{"line":5,"column":1},"filename":"/cases/self-closing-html.pug","end":{"line":5,"column":1}}}
{"type":"eos","loc":{"start":{"line":5,"column":1},"filename":"/cases/self-closing-html.pug","end":{"line":5,"column":1}}}