{"type":"tag","val":"html","loc":{"start":{"line":1,"column":1},"filename":"/cases/styles.pug","end":{"line":1,"column":5}}}
{"type":"indent","val":2,"loc":{"start":{"line":2,"column":1},"filename":"/cases/styles.pug","end":{"line":2,"column":3}}}
{"type":"tag","val":"head","loc":{"start":{"line":2,"column":3},"filename":"/cases/styles.pug","end":{"line":2,"column":7}}}
{"type":"indent","val":4,"loc":{"start":{"line":3,"column":1},"filename":"/cases/styles.pug","end":{"line":3,"column":5}}}
{"type":"tag","val":"style","loc":{"start":{"line":3,"column":5},"filename":"/cases/styles.pug","end":{"line":3,"column":10}}}
{"type":"dot","loc":{"start":{"line":3,"column":10},"filename":"/cases/styles.pug","end":{"line":3,"column":11}}}
{"type":"start-pipeless-text","loc":{"start":{"line":3,"column":11},"filename":"/cases/styles.pug","end":{"line":3,"column":11}}}
{"type":"text","val":"body {","loc":{"start":{"line":4,"column":7},"filename":"/cases/styles.pug","end":{"line":4,"column":13}}}
{"type":"newline","loc":{"start":{"line":5,"column":1},"filename":"/cases/styles.pug","end":{"line":5,"column":7}}}
{"type":"text","val":"  padding: 50px;","loc":{"start":{"line":5,"column":7},"filename":"/cases/styles.pug","end":{"line":5,"column":23}}}
{"type":"newline","loc":{"start":{"line":6,"column":1},"filename":"/cases/styles.pug","end":{"line":6,"column":7}}}
{"type":"text","val":"}","loc":{"start":{"line":6,"column":7},"filename":"/cases/styles.pug","end":{"line":6,"column":8}}}
{"type":"end-pipeless-text","loc":{"start":{"line":6,"column":8},"filename":"/cases/styles.pug","end":{"line":6,"column":8}}}
{"type":"outdent","loc":{"start":{"line":7,"column":1},"filename":"/cases/styles.pug","end":{"line":7,"column":3}}}
{"type":"tag","val":"body","loc":{"start":{"line":7,"column":3},"filename":"/cases/styles.pug","end":{"line":7,"column":7}}}
{"type":"indent","val":4,"loc":{"start":{"line":8,"column":1},"filename":"/cases/styles.pug","end":{"line":8,"column":5}}}
{"type":"tag","val":"div","loc":{"start":{"line":8,"column":5},"filename":"/cases/styles.pug","end":{"line":8,"column":8}}}
{"type":"start-attributes","loc":{"start":{"line":8,"column":8},"filename":"/cases/styles.pug","end":{"line":8,"column":9}}}
{"type":"attribute","name":"style","val":"'color:red;background:green'","mustEscape":true,"loc":{"start":{"line":8,"column":9},"filename":"/cases/styles.pug","end":{"line":8,"column":43}}}
{"type":"end-attributes","loc":{"start":{"line":8,"column":43},"filename":"/cases/styles.pug","end":{"line":8,"column":44}}}
{"type":"newline","loc":{"start":{"line":9,"column":1},"filename":"/cases/styles.pug","end":{"line":9,"column":5}}}
{"type":"tag","val":"div","loc":{"start":{"line":9,"column":5},"filename":"/cases/styles.pug","end":{"line":9,"column":8}}}
{"type":"start-attributes","loc":{"start":{"line":9,"column":8},"filename":"/cases/styles.pug","end":{"line":9,"column":9}}}
{"type":"attribute","name":"style","val":"{color: 'red', background: 'green'}","mustEscape":true,"loc":{"start":{"line":9,"column":9},"filename":"/cases/styles.pug","end":{"line":9,"column":50}}}
{"type":"end-attributes","loc":{"start":{"line":9,"column":50},"filename":"/cases/styles.pug","end":{"line":9,"column":51}}}
{"type":"newline","loc":{"start":{"line":10,"column":1},"filename":"/cases/styles.pug","end":{"line":10,"column":5}}}
{"type":"tag","val":"div","loc":{"start":{"line":10,"column":5},"filename":"/cases/styles.pug","end":{"line":10,"column":8}}}
{"type":"&attributes","val":"{style: 'color:red;background:green'}","loc":{"start":{"line":10,"column":8},"filename":"/cases/styles.pug","end":{"line":10,"column":58}}}
{"type":"newline","loc":{"start":{"line":11,"column":1},"filename":"/cases/styles.pug","end":{"line":11,"column":5}}}
{"type":"tag","val":"div","loc":{"start":{"line":11,"column":5},"filename":"/cases/styles.pug","end":{"line":11,"column":8}}}
{"type":"&attributes","val":"{style: {color: 'red', background: 'green'}}","loc":{"start":{"line":11,"column":8},"filename":"/cases/styles.pug","end":{"line":11,"column":65}}}
{"type":"newline","loc":{"start":{"line":12,"column":1},"filename":"/cases/styles.pug","end":{"line":12,"column":5}}}
{"type":"mixin","val":"div","args":null,"loc":{"start":{"line":12,"column":5},"filename":"/cases/styles.pug","end":{"line":12,"column":16}}}
{"type":"indent","val":6,"loc":{"start":{"line":13,"column":1},"filename":"/cases/styles.pug","end":{"line":13,"column":7}}}
{"type":"tag","val":"div","loc":{"start":{"line":13,"column":7},"filename":"/cases/styles.pug","end":{"line":13,"column":10}}}
{"type":"&attributes","val":"attributes","loc":{"start":{"line":13,"column":10},"filename":"/cases/styles.pug","end":{"line":13,"column":33}}}
{"type":"outdent","loc":{"start":{"line":14,"column":1},"filename":"/cases/styles.pug","end":{"line":14,"column":5}}}
{"type":"call","val":"div","args":null,"loc":{"start":{"line":14,"column":5},"filename":"/cases/styles.pug","end":{"line":14,"column":9}}}
{"type":"start-attributes","loc":{"start":{"line":14,"column":9},"filename":"/cases/styles.pug","end":{"line":14,"column":10}}}
{"type":"attribute","name":"style","val":"'color:red;background:green'","mustEscape":true,"loc":{"start":{"line":14,"column":10},"filename":"/cases/styles.pug","end":{"line":14,"column":44}}}
{"type":"end-attributes","loc":{"start":{"line":14,"column":44},"filename":"/cases/styles.pug","end":{"line":14,"column":45}}}
{"type":"newline","loc":{"start":{"line":15,"column":1},"filename":"/cases/styles.pug","end":{"line":15,"column":5}}}
{"type":"call","val":"div","args":null,"loc":{"start":{"line":15,"column":5},"filename":"/cases/styles.pug","end":{"line":15,"column":9}}}
{"type":"start-attributes","loc":{"start":{"line":15,"column":9},"filename":"/cases/styles.pug","end":{"line":15,"column":10}}}
{"type":"attribute","name":"style","val":"{color: 'red', background: 'green'}","mustEscape":true,"loc":{"start":{"line":15,"column":10},"filename":"/cases/styles.pug","end":{"line":15,"column":51}}}
{"type":"end-attributes","loc":{"start":{"line":15,"column":51},"filename":"/cases/styles.pug","end":{"line":15,"column":52}}}
{"type":"newline","loc":{"start":{"line":16,"column":1},"filename":"/cases/styles.pug","end":{"line":16,"column":5}}}
{"type":"code","val":"var bg = 'green';","mustEscape":false,"buffer":false,"loc":{"start":{"line":16,"column":5},"filename":"/cases/styles.pug","end":{"line":16,"column":24}}}
{"type":"newline","loc":{"start":{"line":17,"column":1},"filename":"/cases/styles.pug","end":{"line":17,"column":5}}}
{"type":"tag","val":"div","loc":{"start":{"line":17,"column":5},"filename":"/cases/styles.pug","end":{"line":17,"column":8}}}
{"type":"start-attributes","loc":{"start":{"line":17,"column":8},"filename":"/cases/styles.pug","end":{"line":17,"column":9}}}
{"type":"attribute","name":"style","val":"{color: 'red', background: bg}","mustEscape":true,"loc":{"start":{"line":17,"column":9},"filename":"/cases/styles.pug","end":{"line":17,"column":45}}}
{"type":"end-attributes","loc":{"start":{"line":17,"column":45},"filename":"/cases/styles.pug","end":{"line":17,"column":46}}}
{"type":"newline","loc":{"start":{"line":18,"column":1},"filename":"/cases/styles.pug","end":{"line":18,"column":5}}}
{"type":"tag","val":"div","loc":{"start":{"line":18,"column":5},"filename":"/cases/styles.pug","end":{"line":18,"column":8}}}
{"type":"&attributes","val":"{style: {color: 'red', background: bg}}","loc":{"start":{"line":18,"column":8},"filename":"/cases/styles.pug","end":{"line":18,"column":60}}}
{"type":"newline","loc":{"start":{"line":19,"column":1},"filename":"/cases/styles.pug","end":{"line":19,"column":5}}}
{"type":"call","val":"div","args":null,"loc":{"start":{"line":19,"column":5},"filename":"/cases/styles.pug","end":{"line":19,"column":9}}}
{"type":"start-attributes","loc":{"start":{"line":19,"column":9},"filename":"/cases/styles.pug","end":{"line":19,"column":10}}}
{"type":"attribute","name":"style","val":"{color: 'red', background: bg}","mustEscape":true,"loc":{"start":{"line":19,"column":10},"filename":"/cases/styles.pug","end":{"line":19,"column":46}}}
{"type":"end-attributes","loc":{"start":{"line":19,"column":46},"filename":"/cases/styles.pug","end":{"line":19,"column":47}}}
{"type":"outdent","loc":{"start":{"line":20,"column":1},"filename":"/cases/styles.pug","end":{"line":20,"column":1}}}
{"type":"outdent","loc":{"start":{"line":20,"column":1},"filename":"/cases/styles.pug","end":{"line":20,"column":1}}}
{"type":"eos","loc":{"start":{"line":20,"column":1},"filename":"/cases/styles.pug","end":{"line":20,"column":1}}}