{"type":"newline","loc":{"start":{"line":2,"column":1},"filename":"/cases/tags.self-closing.pug","end":{"line":2,"column":1}}}
{"type":"tag","val":"body","loc":{"start":{"line":2,"column":1},"filename":"/cases/tags.self-closing.pug","end":{"line":2,"column":5}}}
{"type":"indent","val":2,"loc":{"start":{"line":3,"column":1},"filename":"/cases/tags.self-closing.pug","end":{"line":3,"column":3}}}
{"type":"tag","val":"foo","loc":{"start":{"line":3,"column":3},"filename":"/cases/tags.self-closing.pug","end":{"line":3,"column":6}}}
{"type":"newline","loc":{"start":{"line":4,"column":1},"filename":"/cases/tags.self-closing.pug","end":{"line":4,"column":3}}}
{"type":"tag","val":"foo","loc":{"start":{"line":4,"column":3},"filename":"/cases/tags.self-closing.pug","end":{"line":4,"column":6}}}
{"type":"start-attributes","loc":{"start":{"line":4,"column":6},"filename":"/cases/tags.self-closing.pug","end":{"line":4,"column":7}}}
{"type":"attribute","name":"bar","val":"'baz'","mustEscape":true,"loc":{"start":{"line":4,"column":7},"filename":"/cases/tags.self-closing.pug","end":{"line":4,"column":16}}}
{"type":"end-attributes","loc":{"start":{"line":4,"column":16},"filename":"/cases/tags.self-closing.pug","end":{"line":4,"column":17}}}
{"type":"newline","loc":{"start":{"line":5,"column":1},"filename":"/cases/tags.self-closing.pug","end":{"line":5,"column":3}}}
{"type":"tag","val":"foo","loc":{"start":{"line":5,"column":3},"filename":"/cases/tags.self-closing.pug","end":{"line":5,"column":6}}}
{"type":"slash","loc":{"start":{"line":5,"column":6},"filename":"/cases/tags.self-closing.pug","end":{"line":5,"column":7}}}
{"type":"newline","loc":{"start":{"line":6,"column":1},"filename":"/cases/tags.self-closing.pug","end":{"line":6,"column":3}}}
{"type":"tag","val":"foo","loc":{"start":{"line":6,"column":3},"filename":"/cases/tags.self-closing.pug","end":{"line":6,"column":6}}}
{"type":"start-attributes","loc":{"start":{"line":6,"column":6},"filename":"/cases/tags.self-closing.pug","end":{"line":6,"column":7}}}
{"type":"attribute","name":"bar","val":"'baz'","mustEscape":true,"loc":{"start":{"line":6,"column":7},"filename":"/cases/tags.self-closing.pug","end":{"line":6,"column":16}}}
{"type":"end-attributes","loc":{"start":{"line":6,"column":16},"filename":"/cases/tags.self-closing.pug","end":{"line":6,"column":17}}}
{"type":"slash","loc":{"start":{"line":6,"column":17},"filename":"/cases/tags.self-closing.pug","end":{"line":6,"column":18}}}
{"type":"newline","loc":{"start":{"line":7,"column":1},"filename":"/cases/tags.self-closing.pug","end":{"line":7,"column":3}}}
{"type":"tag","val":"foo","loc":{"start":{"line":7,"column":3},"filename":"/cases/tags.self-closing.pug","end":{"line":7,"column":6}}}
{"type":"text","val":"/","loc":{"start":{"line":7,"column":7},"filename":"/cases/tags.self-closing.pug","end":{"line":7,"column":8}}}
{"type":"newline","loc":{"start":{"line":8,"column":1},"filename":"/cases/tags.self-closing.pug","end":{"line":8,"column":3}}}
{"type":"tag","val":"foo","loc":{"start":{"line":8,"column":3},"filename":"/cases/tags.self-closing.pug","end":{"line":8,"column":6}}}
{"type":"start-attributes","loc":{"start":{"line":8,"column":6},"filename":"/cases/tags.self-closing.pug","end":{"line":8,"column":7}}}
{"type":"attribute","name":"bar","val":"'baz'","mustEscape":true,"loc":{"start":{"line":8,"column":7},"filename":"/cases/tags.self-closing.pug","end":{"line":8,"column":16}}}
{"type":"end-attributes","loc":{"start":{"line":8,"column":16},"filename":"/cases/tags.self-closing.pug","end":{"line":8,"column":17}}}
{"type":"text","val":"/","loc":{"start":{"line":8,"column":18},"filename":"/cases/tags.self-closing.pug","end":{"line":8,"column":19}}}
{"type":"newline","loc":{"start":{"line":9,"column":1},"filename":"/cases/tags.self-closing.pug","end":{"line":9,"column":3}}}
{"type":"interpolation","val":"'foo'","loc":{"start":{"line":9,"column":3},"filename":"/cases/tags.self-closing.pug","end":{"line":9,"column":11}}}
{"type":"slash","loc":{"start":{"line":9,"column":11},"filename":"/cases/tags.self-closing.pug","end":{"line":9,"column":12}}}
{"type":"newline","loc":{"start":{"line":10,"column":1},"filename":"/cases/tags.self-closing.pug","end":{"line":10,"column":3}}}
{"type":"interpolation","val":"'foo'","loc":{"start":{"line":10,"column":3},"filename":"/cases/tags.self-closing.pug","end":{"line":10,"column":11}}}
{"type":"start-attributes","loc":{"start":{"line":10,"column":11},"filename":"/cases/tags.self-closing.pug","end":{"line":10,"column":12}}}
{"type":"attribute","name":"bar","val":"'baz'","mustEscape":true,"loc":{"start":{"line":10,"column":12},"filename":"/cases/tags.self-closing.pug","end":{"line":10,"column":21}}}
{"type":"end-attributes","loc":{"start":{"line":10,"column":21},"filename":"/cases/tags.self-closing.pug","end":{"line":10,"column":22}}}
{"type":"slash","loc":{"start":{"line":10,"column":22},"filename":"/cases/tags.self-closing.pug","end":{"line":10,"column":23}}}
{"type":"newline","loc":{"start":{"line":11,"column":1},"filename":"/cases/tags.self-closing.pug","end":{"line":11,"column":3}}}
{"type":"interpolation","val":"'foo'","loc":{"start":{"line":11,"column":3},"filename":"/cases/tags.self-closing.pug","end":{"line":11,"column":11}}}
{"type":"text","val":"/","loc":{"start":{"line":11,"column":12},"filename":"/cases/tags.self-closing.pug","end":{"line":11,"column":13}}}
{"type":"newline","loc":{"start":{"line":12,"column":1},"filename":"/cases/tags.self-closing.pug","end":{"line":12,"column":3}}}
{"type":"interpolation","val":"'foo'","loc":{"start":{"line":12,"column":3},"filename":"/cases/tags.self-closing.pug","end":{"line":12,"column":11}}}
{"type":"start-attributes","loc":{"start":{"line":12,"column":11},"filename":"/cases/tags.self-closing.pug","end":{"line":12,"column":12}}}
{"type":"attribute","name":"bar","val":"'baz'","mustEscape":true,"loc":{"start":{"line":12,"column":12},"filename":"/cases/tags.self-closing.pug","end":{"line":12,"column":21}}}
{"type":"end-attributes","loc":{"start":{"line":12,"column":21},"filename":"/cases/tags.self-closing.pug","end":{"line":12,"column":22}}}
{"type":"text","val":"/","loc":{"start":{"line":12,"column":23},"filename":"/cases/tags.self-closing.pug","end":{"line":12,"column":24}}}
{"type":"newline","loc":{"start":{"line":13,"column":1},"filename":"/cases/tags.self-closing.pug","end":{"line":13,"column":3}}}
{"type":"comment","val":" can have a single space after them","buffer":false,"loc":{"start":{"line":13,"column":3},"filename":"/cases/tags.self-closing.pug","end":{"line":13,"column":41}}}
{"type":"newline","loc":{"start":{"line":14,"column":1},"filename":"/cases/tags.self-closing.pug","end":{"line":14,"column":3}}}
{"type":"tag","val":"img","loc":{"start":{"line":14,"column":3},"filename":"/cases/tags.self-closing.pug","end":{"line":14,"column":6}}}
{"type":"text","val":" ","loc":{"start":{"line":14,"column":6},"filename":"/cases/tags.self-closing.pug","end":{"line":14,"column":7}}}
{"type":"newline","loc":{"start":{"line":15,"column":1},"filename":"/cases/tags.self-closing.pug","end":{"line":15,"column":3}}}
{"type":"comment","val":" can have lots of white space after them","buffer":false,"loc":{"start":{"line":15,"column":3},"filename":"/cases/tags.self-closing.pug","end":{"line":15,"column":46}}}
{"type":"newline","loc":{"start":{"line":16,"column":1},"filename":"/cases/tags.self-closing.pug","end":{"line":16,"column":3}}}
{"type":"tag","val":"img","loc":{"start":{"line":16,"column":3},"filename":"/cases/tags.self-closing.pug","end":{"line":16,"column":6}}}
{"type":"text","val":"   ","loc":{"start":{"line":16,"column":7},"filename":"/cases/tags.self-closing.pug","end":{"line":16,"column":10}}}
{"type":"newline","loc":{"start":{"line":17,"column":1},"filename":"/cases/tags.self-closing.pug","end":{"line":17,"column":3}}}
{"type":"interpolation","val":"\n    'foo'\n  ","loc":{"start":{"line":17,"column":3},"filename":"/cases/tags.self-closing.pug","end":{"line":19,"column":4}}}
{"type":"slash","loc":{"start":{"line":19,"column":4},"filename":"/cases/tags.self-closing.pug","end":{"line":19,"column":5}}}
{"type":"outdent","loc":{"start":{"line":20,"column":1},"filename":"/cases/tags.self-closing.pug","end":{"line":20,"column":1}}}
{"type":"eos","loc":{"start":{"line":20,"column":1},"filename":"/cases/tags.self-closing.pug","end":{"line":20,"column":1}}}