{"type":"newline","loc":{"start":{"line":2,"column":1},"filename":"/cases/text-block.pug","end":{"line":2,"column":1}}}
{"type":"tag","val":"label","loc":{"start":{"line":2,"column":1},"filename":"/cases/text-block.pug","end":{"line":2,"column":6}}}
{"type":"text","val":"Username:","loc":{"start":{"line":2,"column":7},"filename":"/cases/text-block.pug","end":{"line":2,"column":16}}}
{"type":"indent","val":2,"loc":{"start":{"line":3,"column":1},"filename":"/cases/text-block.pug","end":{"line":3,"column":3}}}
{"type":"tag","val":"input","loc":{"start":{"line":3,"column":3},"filename":"/cases/text-block.pug","end":{"line":3,"column":8}}}
{"type":"start-attributes","loc":{"start":{"line":3,"column":8},"filename":"/cases/text-block.pug","end":{"line":3,"column":9}}}
{"type":"attribute","name":"type","val":"'text'","mustEscape":true,"loc":{"start":{"line":3,"column":9},"filename":"/cases/text-block.pug","end":{"line":3,"column":20}}}
{"type":"attribute","name":"name","val":"'user[name]'","mustEscape":true,"loc":{"start":{"line":3,"column":22},"filename":"/cases/text-block.pug","end":{"line":3,"column":39}}}
{"type":"end-attributes","loc":{"start":{"line":3,"column":39},"filename":"/cases/text-block.pug","end":{"line":3,"column":40}}}
{"type":"outdent","loc":{"start":{"line":5,"column":1},"filename":"/cases/text-block.pug","end":{"line":5,"column":1}}}
{"type":"tag","val":"label","loc":{"start":{"line":5,"column":1},"filename":"/cases/text-block.pug","end":{"line":5,"column":6}}}
{"type":"text","val":"Password:","loc":{"start":{"line":5,"column":7},"filename":"/cases/text-block.pug","end":{"line":5,"column":16}}}
{"type":"indent","val":2,"loc":{"start":{"line":6,"column":1},"filename":"/cases/text-block.pug","end":{"line":6,"column":3}}}
{"type":"tag","val":"input","loc":{"start":{"line":6,"column":3},"filename":"/cases/text-block.pug","end":{"line":6,"column":8}}}
{"type":"start-attributes","loc":{"start":{"line":6,"column":8},"filename":"/cases/text-block.pug","end":{"line":6,"column":9}}}
{"type":"attribute","name":"type","val":"'text'","mustEscape":true,"loc":{"start":{"line":6,"column":9},"filename":"/cases/text-block.pug","end":{"line":6,"column":20}}}
{"type":"attribute","name":"name","val":"'user[pass]'","mustEscape":true,"loc":{"start":{"line":6,"column":22},"filename":"/cases/text-block.pug","end":{"line":6,"column":39}}}
{"type":"end-attributes","loc":{"start":{"line":6,"column":39},"filename":"/cases/text-block.pug","end":{"line":6,"column":40}}}
{"type":"outdent","loc":{"start":{"line":6,"column":40},"filename":"/cases/text-block.pug","end":{"line":6,"column":40}}}
{"type":"eos","loc":{"start":{"line":6,"column":40},"filename":"/cases/text-block.pug","end":{"line":6,"column":40}}}