{"type":"code","val":"var x = 1;","mustEscape":false,"buffer":false,"loc":{"start":{"line":1,"column":1},"filename":"/cases/while.pug","end":{"line":1,"column":13}}}
{"type":"newline","loc":{"start":{"line":2,"column":1},"filename":"/cases/while.pug","end":{"line":2,"column":1}}}
{"type":"tag","val":"ul","loc":{"start":{"line":2,"column":1},"filename":"/cases/while.pug","end":{"line":2,"column":3}}}
{"type":"indent","val":2,"loc":{"start":{"line":3,"column":1},"filename":"/cases/while.pug","end":{"line":3,"column":3}}}
{"type":"while","val":"x < 10","loc":{"start":{"line":3,"column":3},"filename":"/cases/while.pug","end":{"line":3,"column":15}}}
{"type":"indent","val":4,"loc":{"start":{"line":4,"column":1},"filename":"/cases/while.pug","end":{"line":4,"column":5}}}
{"type":"code","val":"x++;","mustEscape":false,"buffer":false,"loc":{"start":{"line":4,"column":5},"filename":"/cases/while.pug","end":{"line":4,"column":11}}}
{"type":"newline","loc":{"start":{"line":5,"column":1},"filename":"/cases/while.pug","end":{"line":5,"column":5}}}
{"type":"tag","val":"li","loc":{"start":{"line":5,"column":5},"filename":"/cases/while.pug","end":{"line":5,"column":7}}}
{"type":"code","val":"x","mustEscape":true,"buffer":true,"loc":{"start":{"line":5,"column":7},"filename":"/cases/while.pug","end":{"line":5,"column":10}}}
{"type":"outdent","loc":{"start":{"line":6,"column":1},"filename":"/cases/while.pug","end":{"line":6,"column":1}}}
{"type":"outdent","loc":{"start":{"line":6,"column":1},"filename":"/cases/while.pug","end":{"line":6,"column":1}}}
{"type":"eos","loc":{"start":{"line":6,"column":1},"filename":"/cases/while.pug","end":{"line":6,"column":1}}}