{"type":"doctype","val":"xml","loc":{"start":{"line":1,"column":1},"filename":"/cases/xml.pug","end":{"line":1,"column":12}}}
{"type":"newline","loc":{"start":{"line":2,"column":1},"filename":"/cases/xml.pug","end":{"line":2,"column":1}}}
{"type":"tag","val":"category","loc":{"start":{"line":2,"column":1},"filename":"/cases/xml.pug","end":{"line":2,"column":9}}}
{"type":"start-attributes","loc":{"start":{"line":2,"column":9},"filename":"/cases/xml.pug","end":{"line":2,"column":10}}}
{"type":"attribute","name":"term","val":"'some term'","mustEscape":true,"loc":{"start":{"line":2,"column":10},"filename":"/cases/xml.pug","end":{"line":2,"column":26}}}
{"type":"end-attributes","loc":{"start":{"line":2,"column":26},"filename":"/cases/xml.pug","end":{"line":2,"column":27}}}
{"type":"slash","loc":{"start":{"line":2,"column":27},"filename":"/cases/xml.pug","end":{"line":2,"column":28}}}
{"type":"newline","loc":{"start":{"line":3,"column":1},"filename":"/cases/xml.pug","end":{"line":3,"column":1}}}
{"type":"tag","val":"link","loc":{"start":{"line":3,"column":1},"filename":"/cases/xml.pug","end":{"line":3,"column":5}}}
{"type":"text","val":"http://google.com","loc":{"start":{"line":3,"column":6},"filename":"/cases/xml.pug","end":{"line":3,"column":23}}}
{"type":"eos","loc":{"start":{"line":3,"column":23},"filename":"/cases/xml.pug","end":{"line":3,"column":23}}}