{"type":"tag","val":"html","loc":{"start":{"line":1,"column":1},"filename":"/cases/yield-before-conditional.pug","end":{"line":0,"column":0}}}
{"type":"indent","val":2,"loc":{"start":{"line":2,"column":1},"filename":"/cases/yield-before-conditional.pug","end":{"line":0,"column":0}}}
{"type":"tag","val":"body","loc":{"start":{"line":2,"column":3},"filename":"/cases/yield-before-conditional.pug","end":{"line":0,"column":0}}}
{"type":"indent","val":4,"loc":{"start":{"line":3,"column":1},"filename":"/cases/yield-before-conditional.pug","end":{"line":0,"column":0}}}
{"type":"include","loc":{"start":{"line":3,"column":5},"filename":"/cases/yield-before-conditional.pug","end":{"line":0,"column":0}}}
{"type":"path","val":"yield-before-conditional-head.pug","loc":{"start":{"line":3,"column":13},"filename":"/cases/yield-before-conditional.pug","end":{"line":0,"column":0}}}
{"type":"indent","val":6,"loc":{"start":{"line":4,"column":1},"filename":"/cases/yield-before-conditional.pug","end":{"line":0,"column":0}}}
{"type":"tag","val":"script","loc":{"start":{"line":4,"column":7},"filename":"/cases/yield-before-conditional.pug","end":{"line":0,"column":0}}}
{"type":"start-attributes","loc":{"start":{"line":4,"column":13},"filename":"/cases/yield-before-conditional.pug","end":{"line":0,"column":0}}}
{"type":"attribute","name":"src","val":"'/caustic.js'","mustEscape":true,"loc":{"start":{"line":4,"column":14},"filename":"/cases/yield-before-conditional.pug","end":{"line":0,"column":0}}}
{"type":"end-attributes","loc":{"start":{"line":4,"column":31},"filename":"/cases/yield-before-conditional.pug","end":{"line":0,"column":0}}}
{"type":"newline","loc":{"start":{"line":5,"column":1},"filename":"/cases/yield-before-conditional.pug","end":{"line":0,"column":0}}}
{"type":"tag","val":"script","loc":{"start":{"line":5,"column":7},"filename":"/cases/yield-before-conditional.pug","end":{"line":0,"column":0}}}
{"type":"start-attributes","loc":{"start":{"line":5,"column":13},"filename":"/cases/yield-before-conditional.pug","end":{"line":0,"column":0}}}
{"type":"attribute","name":"src","val":"'/app.js'","mustEscape":true,"loc":{"start":{"line":5,"column":14},"filename":"/cases/yield-before-conditional.pug","end":{"line":0,"column":0}}}
{"type":"end-attributes","loc":{"start":{"line":5,"column":27},"filename":"/cases/yield-before-conditional.pug","end":{"line":0,"column":0}}}
{"type":"outdent","loc":{"start":{"line":6,"column":5},"filename":"/cases/yield-before-conditional.pug","end":{"line":0,"column":0}}}
{"type":"outdent","loc":{"start":{"line":6,"column":3},"filename":"/cases/yield-before-conditional.pug","end":{"line":0,"column":0}}}
{"type":"outdent","loc":{"start":{"line":6,"column":1},"filename":"/cases/yield-before-conditional.pug","end":{"line":0,"column":0}}}
{"type":"eos","loc":{"start":{"line":6,"column":1},"filename":"/cases/yield-before-conditional.pug","end":{"line":0,"column":0}}}