{"type":"tag","val":"html","loc":{"start":{"line":1,"column":1},"filename":"/cases/yield.pug","end":{"line":1,"column":5}}}
{"type":"indent","val":2,"loc":{"start":{"line":2,"column":1},"filename":"/cases/yield.pug","end":{"line":2,"column":3}}}
{"type":"tag","val":"body","loc":{"start":{"line":2,"column":3},"filename":"/cases/yield.pug","end":{"line":2,"column":7}}}
{"type":"indent","val":4,"loc":{"start":{"line":3,"column":1},"filename":"/cases/yield.pug","end":{"line":3,"column":5}}}
{"type":"include","loc":{"start":{"line":3,"column":5},"filename":"/cases/yield.pug","end":{"line":3,"column":12}}}
{"type":"path","val":"yield-head.pug","loc":{"start":{"line":3,"column":13},"filename":"/cases/yield.pug","end":{"line":3,"column":27}}}
{"type":"indent","val":6,"loc":{"start":{"line":4,"column":1},"filename":"/cases/yield.pug","end":{"line":4,"column":7}}}
{"type":"tag","val":"script","loc":{"start":{"line":4,"column":7},"filename":"/cases/yield.pug","end":{"line":4,"column":13}}}
{"type":"start-attributes","loc":{"start":{"line":4,"column":13},"filename":"/cases/yield.pug","end":{"line":4,"column":14}}}
{"type":"attribute","name":"src","val":"'/caustic.js'","mustEscape":true,"loc":{"start":{"line":4,"column":14},"filename":"/cases/yield.pug","end":{"line":4,"column":31}}}
{"type":"end-attributes","loc":{"start":{"line":4,"column":31},"filename":"/cases/yield.pug","end":{"line":4,"column":32}}}
{"type":"newline","loc":{"start":{"line":5,"column":1},"filename":"/cases/yield.pug","end":{"line":5,"column":7}}}
{"type":"tag","val":"script","loc":{"start":{"line":5,"column":7},"filename":"/cases/yield.pug","end":{"line":5,"column":13}}}
{"type":"start-attributes","loc":{"start":{"line":5,"column":13},"filename":"/cases/yield.pug","end":{"line":5,"column":14}}}
{"type":"attribute","name":"src","val":"'/app.js'","mustEscape":true,"loc":{"start":{"line":5,"column":14},"filename":"/cases/yield.pug","end":{"line":5,"column":27}}}
{"type":"end-attributes","loc":{"start":{"line":5,"column":27},"filename":"/cases/yield.pug","end":{"line":5,"column":28}}}
{"type":"outdent","loc":{"start":{"line":6,"column":1},"filename":"/cases/yield.pug","end":{"line":6,"column":1}}}
{"type":"outdent","loc":{"start":{"line":6,"column":1},"filename":"/cases/yield.pug","end":{"line":6,"column":1}}}
{"type":"outdent","loc":{"start":{"line":6,"column":1},"filename":"/cases/yield.pug","end":{"line":6,"column":1}}}
{"type":"eos","loc":{"start":{"line":6,"column":1},"filename":"/cases/yield.pug","end":{"line":6,"column":1}}}